Archive member included to satisfy reference by file (symbol)

C:/Program Files/SEGGER/SEGGER Embedded Studio 8.22a/lib/libc_v7em_fpv4_sp_d16_hard_t_le_eabi_balanced.a(__SEGGER_RTL_vfprintf_long.o)
                              (__SEGGER_RTL_vfprintf_long)
C:/Program Files/SEGGER/SEGGER Embedded Studio 8.22a/lib/libc_v7em_fpv4_sp_d16_hard_t_le_eabi_balanced.a(__SEGGER_RTL_vfscanf_int.o)
                              (__SEGGER_RTL_vfscanf_int)
C:/Program Files/SEGGER/SEGGER Embedded Studio 8.22a/lib/libc_v7em_fpv4_sp_d16_hard_t_le_eabi_balanced.a(utilops.o)
                              C:/Program Files/SEGGER/SEGGER Embedded Studio 8.22a/lib/libc_v7em_fpv4_sp_d16_hard_t_le_eabi_balanced.a(__SEGGER_RTL_vfscanf_int.o) (__SEGGER_RTL_digit)
C:/Program Files/SEGGER/SEGGER Embedded Studio 8.22a/lib/libc_v7em_fpv4_sp_d16_hard_t_le_eabi_balanced.a(floatasmops_arm.o)
                              C:/Program Files/SEGGER/SEGGER Embedded Studio 8.22a/lib/libc_v7em_fpv4_sp_d16_hard_t_le_eabi_balanced.a(utilops.o) (__aeabi_dmul)
C:/Program Files/SEGGER/SEGGER Embedded Studio 8.22a/lib/libc_v7em_fpv4_sp_d16_hard_t_le_eabi_balanced.a(intasmops_arm.o)
                              C:/Program Files/SEGGER/SEGGER Embedded Studio 8.22a/lib/libc_v7em_fpv4_sp_d16_hard_t_le_eabi_balanced.a(__SEGGER_RTL_vfprintf_long.o) (__aeabi_uldivmod)
C:/Program Files/SEGGER/SEGGER Embedded Studio 8.22a/lib/libc_v7em_fpv4_sp_d16_hard_t_le_eabi_balanced.a(prinops.o)
                              C:/Program Files/SEGGER/SEGGER Embedded Studio 8.22a/lib/libc_v7em_fpv4_sp_d16_hard_t_le_eabi_balanced.a(__SEGGER_RTL_vfprintf_long.o) (__SEGGER_RTL_putc)
C:/Program Files/SEGGER/SEGGER Embedded Studio 8.22a/lib/libc_v7em_fpv4_sp_d16_hard_t_le_eabi_balanced.a(fileops.o)
                              C:/Program Files/SEGGER/SEGGER Embedded Studio 8.22a/lib/libc_v7em_fpv4_sp_d16_hard_t_le_eabi_balanced.a(prinops.o) (fwrite)
C:/Program Files/SEGGER/SEGGER Embedded Studio 8.22a/lib/libc_v7em_fpv4_sp_d16_hard_t_le_eabi_balanced.a(errno.o)
                              C:/Program Files/SEGGER/SEGGER Embedded Studio 8.22a/lib/libc_v7em_fpv4_sp_d16_hard_t_le_eabi_balanced.a(fileops.o) (__aeabi_errno_addr)
C:/Program Files/SEGGER/SEGGER Embedded Studio 8.22a/lib/heapops_basic_v7em_fpv4_sp_d16_hard_t_le_eabi_balanced.a(heapops_basic.o)
                              Output/Debug/Obj/saadc_pca10056/thumb_crt0.o (__SEGGER_RTL_init_heap)
C:/Program Files/SEGGER/SEGGER Embedded Studio 8.22a/lib/heapops_disable_interrupts_locking_v7em_fpv4_sp_d16_hard_t_le_eabi_balanced.a(heapops.o)
                              C:/Program Files/SEGGER/SEGGER Embedded Studio 8.22a/lib/libc_v7em_fpv4_sp_d16_hard_t_le_eabi_balanced.a(prinops.o) (free)
C:/Program Files/SEGGER/SEGGER Embedded Studio 8.22a/lib/strops_unaligned_v7em_fpv4_sp_d16_hard_t_le_eabi_balanced.a(strops.o)
                              Output/Debug/Obj/saadc_pca10056/nrf_fprintf_format.o (strlen)
C:/Program Files/SEGGER/SEGGER Embedded Studio 8.22a/lib/strops_unaligned_v7em_fpv4_sp_d16_hard_t_le_eabi_balanced.a(strasmops_arm.o)
                              C:/Program Files/SEGGER/SEGGER Embedded Studio 8.22a/lib/strops_unaligned_v7em_fpv4_sp_d16_hard_t_le_eabi_balanced.a(strops.o) (strcmp)
C:/Program Files/SEGGER/SEGGER Embedded Studio 8.22a/lib/mbops_timeops_v7em_fpv4_sp_d16_hard_t_le_eabi_balanced.a(mbops.o)
                              C:/Program Files/SEGGER/SEGGER Embedded Studio 8.22a/lib/libc_v7em_fpv4_sp_d16_hard_t_le_eabi_balanced.a(prinops.o) (__SEGGER_RTL_current_locale)
C:/Program Files/SEGGER/SEGGER Embedded Studio 8.22a/lib/mbops_timeops_v7em_fpv4_sp_d16_hard_t_le_eabi_balanced.a(timeops.o)
                              C:/Program Files/SEGGER/SEGGER Embedded Studio 8.22a/lib/mbops_timeops_v7em_fpv4_sp_d16_hard_t_le_eabi_balanced.a(mbops.o) (__SEGGER_RTL_string_list_encode)
C:/Program Files/SEGGER/SEGGER Embedded Studio 8.22a/lib/libc_v7em_fpv4_sp_d16_hard_t_le_eabi_balanced.a(execops.o)
                              C:/Program Files/SEGGER/SEGGER Embedded Studio 8.22a/lib/strops_unaligned_v7em_fpv4_sp_d16_hard_t_le_eabi_balanced.a(strops.o) (__SEGGER_RTL_constraint_violation)
C:/Program Files/SEGGER/SEGGER Embedded Studio 8.22a/lib/libc_v7em_fpv4_sp_d16_hard_t_le_eabi_balanced.a(execops_arm.o)
                              C:/Program Files/SEGGER/SEGGER Embedded Studio 8.22a/lib/libc_v7em_fpv4_sp_d16_hard_t_le_eabi_balanced.a(execops.o) (__aeabi_SIGABRT)
C:/Program Files/SEGGER/SEGGER Embedded Studio 8.22a/lib/libc_v7em_fpv4_sp_d16_hard_t_le_eabi_balanced.a(intops.o)
                              C:/Program Files/SEGGER/SEGGER Embedded Studio 8.22a/lib/mbops_timeops_v7em_fpv4_sp_d16_hard_t_le_eabi_balanced.a(timeops.o) (div)
C:/Program Files/SEGGER/SEGGER Embedded Studio 8.22a/lib/libc_v7em_fpv4_sp_d16_hard_t_le_eabi_balanced.a(sortops.o)
                              C:/Program Files/SEGGER/SEGGER Embedded Studio 8.22a/lib/mbops_timeops_v7em_fpv4_sp_d16_hard_t_le_eabi_balanced.a(mbops.o) (bsearch)
[...]
Memory Configuration

Name             Origin             Length             Attributes
UNPLACED_SECTIONS 0x00000000         0x00000000         xw
RAM1             0x20000000         0x00040000         xw
FLASH            0x00000000         0x00100000         xw
*default*        0x00000000         0xffffffff

Linker script and memory map

                0x20000000                        __RAM1_segment_start__ = 0x20000000
                0x20040000                        __RAM1_segment_end__ = 0x20040000
                0x00040000                        __RAM1_segment_size__ = 0x40000
                0x00000000                        __FLASH_segment_start__ = 0x0
                0x00100000                        __FLASH_segment_end__ = 0x100000
                0x00100000                        __FLASH_segment_size__ = 0x100000
                0x00002000                        __HEAPSIZE__ = 0x2000
                0x00000000                        __SEGGER_RTL_vfprintf = __SEGGER_RTL_vfprintf_long
                0x00000000                        __SEGGER_RTL_vfscanf = __SEGGER_RTL_vfscanf_int
                0x00000000                        __STACKSIZE_PROCESS__ = 0x0
                0x00002000                        __STACKSIZE__ = 0x2000
                0x20000000                        __vectors_ram_load_start__ = 0x20000000

.vectors_ram    0x20000000        0x0
                0x20000000                        __vectors_ram_start__ = .
                0x20000000                        __app_ram_start__ = __vectors_ram_start__
 *(.vectors_ram .vectors_ram.*)
                0x20000000                        __vectors_ram_end__ = (__vectors_ram_start__ + SIZEOF (.vectors_ram))
                0x00000000                        __vectors_ram_size__ = SIZEOF (.vectors_ram)
                0x20000000                        __vectors_ram_load_end__ = __vectors_ram_end__
                0x00000001                        . = ASSERT (((__vectors_ram_start__ == __vectors_ram_end__) || ((__vectors_ram_end__ - __RAM1_segment_start__) <= __RAM1_segment_size__)), error: .vectors_ram is too large to fit in RAM1 memory segment)
                0x20000000                        __nrf_sections_run_load_start__ = ALIGN (__vectors_ram_end__, 0x4)

.nrf_sections_run
                0x20000000        0x0
                0x20000000                        __nrf_sections_run_start__ = .
                0x20000000                        __start_nrf_sections_run = __nrf_sections_run_start__
 *(.nrf_sections_run .nrf_sections_run.*)
                0x20000000                        __nrf_sections_run_end__ = (__nrf_sections_run_start__ + SIZEOF (.nrf_sections_run))
                0x00000000                        __nrf_sections_run_size__ = SIZEOF (.nrf_sections_run)
                0x20000000                        __nrf_sections_run_load_end__ = __nrf_sections_run_end__
                0x00000001                        . = ASSERT (((__nrf_sections_run_start__ == __nrf_sections_run_end__) || ((__nrf_sections_run_end__ - __RAM1_segment_start__) <= __RAM1_segment_size__)), error: .nrf_sections_run is too large to fit in RAM1 memory segment)
                0x00000000                        __vectors_load_start__ = 0x0

.vectors        0x00000000      0x200
                0x00000000                        __vectors_start__ = .
 *(.vectors .vectors.*)
 .vectors       0x00000000      0x200 Output/Debug/Obj/saadc_pca10056/ses_startup_nrf52840.o
                0x00000000                _vectors
                0x00000200                        __vectors_end__ = (__vectors_start__ + SIZEOF (.vectors))
                0x00000200                        __vectors_size__ = SIZEOF (.vectors)
                0x00000200                        __vectors_load_end__ = __vectors_end__
                0x00000001                        . = ASSERT (((__vectors_start__ == __vectors_end__) || ((__vectors_end__ - __FLASH_segment_start__) <= __FLASH_segment_size__)), error: .vectors is too large to fit in FLASH memory segment)
                0x00000200                        __init_load_start__ = ALIGN (__vectors_end__, 0x4)

.init           0x00000200      0x1e4
                0x00000200                        __init_start__ = .
 *(.init .init.*)
 .init          0x00000200       0x18 Output/Debug/Obj/saadc_pca10056/ses_startup_nrf52840.o
                0x00000200                NMI_Handler
                0x00000202                HardFault_Handler
                0x00000204                MemoryManagement_Handler
                0x00000206                BusFault_Handler
                0x00000208                UsageFault_Handler
                0x0000020a                SVC_Handler
                0x0000020c                DebugMon_Handler
                0x0000020e                PendSV_Handler
                0x00000210                SysTick_Handler
                0x00000212                PWM1_IRQHandler
                0x00000212                GPIOTE_IRQHandler
                0x00000212                RTC0_IRQHandler
                0x00000212                RADIO_IRQHandler
                0x00000212                SWI2_EGU2_IRQHandler
                0x00000212                TEMP_IRQHandler
                0x00000212                QDEC_IRQHandler
                0x00000212                TIMER3_IRQHandler
                0x00000212                PWM3_IRQHandler
                0x00000212                FPU_IRQHandler
                0x00000212                USBD_IRQHandler
                0x00000212                SPIM0_SPIS0_TWIM0_TWIS0_SPI0_TWI0_IRQHandler
                0x00000212                QSPI_IRQHandler
                0x00000212                PDM_IRQHandler
                0x00000212                CRYPTOCELL_IRQHandler
                0x00000212                I2S_IRQHandler
                0x00000212                SWI4_EGU4_IRQHandler
                0x00000212                TIMER0_IRQHandler
                0x00000212                UARTE1_IRQHandler
                0x00000212                Dummy_Handler
                0x00000212                TIMER1_IRQHandler
                0x00000212                SPIM3_IRQHandler
                0x00000212                PWM2_IRQHandler
                0x00000212                ECB_IRQHandler
                0x00000212                SPIM1_SPIS1_TWIM1_TWIS1_SPI1_TWI1_IRQHandler
                0x00000212                CCM_AAR_IRQHandler
                0x00000212                WDT_IRQHandler
                0x00000212                SWI0_EGU0_IRQHandler
                0x00000212                SWI5_EGU5_IRQHandler
                0x00000212                RNG_IRQHandler
                0x00000212                PWM0_IRQHandler
                0x00000212                SWI3_EGU3_IRQHandler
                0x00000212                SWI1_EGU1_IRQHandler
                0x00000212                SPIM2_SPIS2_SPI2_IRQHandler
                0x00000212                NFCT_IRQHandler
                0x00000212                TIMER4_IRQHandler
                0x00000212                MWU_IRQHandler
                0x00000212                TIMER2_IRQHandler
                0x00000212                COMP_LPCOMP_IRQHandler
                0x00000214                nRFInitialize
 .init          0x00000218       0x5c Output/Debug/Obj/saadc_pca10056/ses_startup_nrf_common.o
                0x00000218                Reset_Handler
                0x0000021c                afterInitialize
                0x00000240                InitializeUserMemorySections
 .init          0x00000274      0x170 Output/Debug/Obj/saadc_pca10056/thumb_crt0.o
                0x00000274                _start
                0x00000322                exit
                0x00000322                _Exit
                0x000003e4                        __init_end__ = (__init_start__ + SIZEOF (.init))
                0x000001e4                        __init_size__ = SIZEOF (.init)
                0x000003e4                        __init_load_end__ = __init_end__
                0x00000001                        . = ASSERT (((__init_start__ == __init_end__) || ((__init_end__ - __FLASH_segment_start__) <= __FLASH_segment_size__)), error: .init is too large to fit in FLASH memory segment)
                0x000003e4                        __init_rodata_load_start__ = ALIGN (__init_end__, 0x4)

.init_rodata    0x000003e4        0x0
                0x000003e4                        __init_rodata_start__ = .
 *(.init_rodata .init_rodata.*)
                0x000003e4                        __init_rodata_end__ = (__init_rodata_start__ + SIZEOF (.init_rodata))
                0x00000000                        __init_rodata_size__ = SIZEOF (.init_rodata)
                0x000003e4                        __init_rodata_load_end__ = __init_rodata_end__
                0x00000001                        . = ASSERT (((__init_rodata_start__ == __init_rodata_end__) || ((__init_rodata_end__ - __FLASH_segment_start__) <= __FLASH_segment_size__)), error: .init_rodata is too large to fit in FLASH memory segment)
                0x000003e4                        __text_load_start__ = ALIGN (__init_rodata_end__, 0x4)

.text           0x000003e4     0x64a2
                0x000003e4                        __text_start__ = .
 *(.text .text.* .gnu.linkonce.t.* .glue_7t .glue_7 .gcc_except_table .ARM.extab* .gnu.linkonce.armextab.*)
 .glue_7        0x000003e4        0x0 linker stubs
 .glue_7t       0x000003e4        0x0 linker stubs
 .text.nrfx_coredep_delay_us
                0x000003e4       0x30 Output/Debug/Obj/saadc_pca10056/main.o
 .text.nrf_gpio_pin_port_decode
                0x00000414       0x4c Output/Debug/Obj/saadc_pca10056/main.o
 .text.nrf_gpio_cfg
                0x00000460       0x62 Output/Debug/Obj/saadc_pca10056/main.o
 .text.nrf_gpio_cfg_output
                0x000004c2       0x22 Output/Debug/Obj/saadc_pca10056/main.o
 .text.nrf_gpio_cfg_input
                0x000004e4       0x2a Output/Debug/Obj/saadc_pca10056/main.o
 .text.nrf_gpio_pin_set
                0x0000050e       0x28 Output/Debug/Obj/saadc_pca10056/main.o
 .text.nrf_gpio_pin_clear
                0x00000536       0x28 Output/Debug/Obj/saadc_pca10056/main.o
 .text.nrf_gpio_pin_toggle
                0x0000055e       0x44 Output/Debug/Obj/saadc_pca10056/main.o
 .text.nrf_gpio_pin_read
                0x000005a2       0x2a Output/Debug/Obj/saadc_pca10056/main.o
 .text.nrf_gpio_port_in_read
                0x000005cc       0x10 Output/Debug/Obj/saadc_pca10056/main.o
 .text.nrf_gpio_port_out_set
                0x000005dc       0x14 Output/Debug/Obj/saadc_pca10056/main.o
 .text.nrf_gpio_port_out_clear
                0x000005f0       0x14 Output/Debug/Obj/saadc_pca10056/main.o
 .text.nrf_gpio_pin_present_check
                0x00000604       0x50 Output/Debug/Obj/saadc_pca10056/main.o
 .text.nrf_delay_ms
                0x00000654       0x2a Output/Debug/Obj/saadc_pca10056/main.o
 .text.check_readings_match
                0x0000067e       0x5e Output/Debug/Obj/saadc_pca10056/main.o
 .text.saadc_event_handler
                0x000006dc      0x15c Output/Debug/Obj/saadc_pca10056/main.o
 .text.saadc_init
                0x00000838      0x184 Output/Debug/Obj/saadc_pca10056/main.o
 .text.main     0x000009bc      0x204 Output/Debug/Obj/saadc_pca10056/main.o
                0x000009bc                main
 .text.__NVIC_SystemReset
                0x00000bc0       0x28 Output/Debug/Obj/saadc_pca10056/system_nrf52840.o
 .text.nrf52_errata_36
                0x00000be8       0x64 Output/Debug/Obj/saadc_pca10056/system_nrf52840.o
 .text.nrf52_errata_66
                0x00000c4c       0x64 Output/Debug/Obj/saadc_pca10056/system_nrf52840.o
 .text.nrf52_errata_98
                0x00000cb0       0x64 Output/Debug/Obj/saadc_pca10056/system_nrf52840.o
 .text.nrf52_errata_103
                0x00000d14       0x64 Output/Debug/Obj/saadc_pca10056/system_nrf52840.o
 .text.nrf52_errata_115
                0x00000d78       0x64 Output/Debug/Obj/saadc_pca10056/system_nrf52840.o
 .text.nrf52_errata_120
                0x00000ddc       0x64 Output/Debug/Obj/saadc_pca10056/system_nrf52840.o
 .text.nrf52_errata_136
                0x00000e40       0x64 Output/Debug/Obj/saadc_pca10056/system_nrf52840.o
 .text.nrf52_errata_249
                0x00000ea4       0x64 Output/Debug/Obj/saadc_pca10056/system_nrf52840.o
 .text.nrf52_handle_approtect
                0x00000f08       0x20 Output/Debug/Obj/saadc_pca10056/system_nrf52840.o
 .text.nvmc_wait
                0x00000f28       0x18 Output/Debug/Obj/saadc_pca10056/system_nrf52840.o
                0x00000f28                nvmc_wait
 .text.nvmc_config
                0x00000f40       0x20 Output/Debug/Obj/saadc_pca10056/system_nrf52840.o
                0x00000f40                nvmc_config
 .text.SystemCoreClockUpdate
                0x00000f60       0x14 Output/Debug/Obj/saadc_pca10056/system_nrf52840.o
                0x00000f60                SystemCoreClockUpdate
 .text.SystemInit
                0x00000f74      0x228 Output/Debug/Obj/saadc_pca10056/system_nrf52840.o
                0x00000f74                SystemInit
 .text.uarte_evt_handler
                0x0000119c       0x50 Output/Debug/Obj/saadc_pca10056/nrf_drv_uart.o
 .text.uart_evt_handler
                0x000011ec       0x50 Output/Debug/Obj/saadc_pca10056/nrf_drv_uart.o
 .text.nrf_drv_uart_init
                0x0000123c       0xdc Output/Debug/Obj/saadc_pca10056/nrf_drv_uart.o
                0x0000123c                nrf_drv_uart_init
 .text.nrf_clock_int_disable
                0x00001318       0x14 Output/Debug/Obj/saadc_pca10056/nrfx_clock.o
 .text.nrf_clock_event_clear
                0x0000132c       0x28 Output/Debug/Obj/saadc_pca10056/nrfx_clock.o
 .text.nrf_clock_event_check
                0x00001354       0x22 Output/Debug/Obj/saadc_pca10056/nrfx_clock.o
 *fill*         0x00001376        0x2 
 .text.POWER_CLOCK_IRQHandler
                0x00001378       0x68 Output/Debug/Obj/saadc_pca10056/nrfx_clock.o
                0x00001378                POWER_CLOCK_IRQHandler
 .text.UARTE0_UART0_IRQHandler
                0x000013e0       0x24 Output/Debug/Obj/saadc_pca10056/nrfx_prs.o
                0x000013e0                UARTE0_UART0_IRQHandler
 .text.prs_box_get
                0x00001404       0x20 Output/Debug/Obj/saadc_pca10056/nrfx_prs.o
 .text.nrfx_prs_acquire
                0x00001424       0x74 Output/Debug/Obj/saadc_pca10056/nrfx_prs.o
                0x00001424                nrfx_prs_acquire
 .text.nrfx_prs_release
                0x00001498       0x3c Output/Debug/Obj/saadc_pca10056/nrfx_prs.o
                0x00001498                nrfx_prs_release
 .text.nrf_rtc_int_disable
                0x000014d4       0x14 Output/Debug/Obj/saadc_pca10056/nrfx_rtc.o
 .text.nrf_rtc_int_is_enabled
                0x000014e8       0x16 Output/Debug/Obj/saadc_pca10056/nrfx_rtc.o
 .text.nrf_rtc_event_pending
                0x000014fe       0x1a Output/Debug/Obj/saadc_pca10056/nrfx_rtc.o
 .text.nrf_rtc_event_clear
                0x00001518       0x2a Output/Debug/Obj/saadc_pca10056/nrfx_rtc.o
 .text.nrf_rtc_event_disable
                0x00001542       0x14 Output/Debug/Obj/saadc_pca10056/nrfx_rtc.o
 *fill*         0x00001556        0x2 
 .text.irq_handler
                0x00001558      0x114 Output/Debug/Obj/saadc_pca10056/nrfx_rtc.o
 .text.RTC2_IRQHandler
                0x0000166c       0x14 Output/Debug/Obj/saadc_pca10056/nrfx_rtc.o
                0x0000166c                RTC2_IRQHandler
 .text.__NVIC_EnableIRQ
                0x00001680       0x34 Output/Debug/Obj/saadc_pca10056/nrfx_saadc.o
 .text.__NVIC_SetPriority
                0x000016b4       0x50 Output/Debug/Obj/saadc_pca10056/nrfx_saadc.o
 .text.nrfx_is_in_ram
                0x00001704       0x1c Output/Debug/Obj/saadc_pca10056/nrfx_saadc.o
 .text._NRFX_IRQ_PRIORITY_SET
                0x00001720       0x40 Output/Debug/Obj/saadc_pca10056/nrfx_saadc.o
 .text._NRFX_IRQ_ENABLE
                0x00001760       0x1c Output/Debug/Obj/saadc_pca10056/nrfx_saadc.o
 .text.nrf_saadc_task_trigger
                0x0000177c       0x1e Output/Debug/Obj/saadc_pca10056/nrfx_saadc.o
 .text.nrf_saadc_event_check
                0x0000179a       0x26 Output/Debug/Obj/saadc_pca10056/nrfx_saadc.o
 .text.nrf_saadc_event_clear
                0x000017c0       0x30 Output/Debug/Obj/saadc_pca10056/nrfx_saadc.o
 .text.nrf_saadc_limit_event_get
                0x000017f0       0x3e Output/Debug/Obj/saadc_pca10056/nrfx_saadc.o
 *fill*         0x0000182e        0x2 
 .text.nrf_saadc_channel_input_set
                0x00001830       0x44 Output/Debug/Obj/saadc_pca10056/nrfx_saadc.o
 .text.nrf_saadc_int_set
                0x00001874       0x18 Output/Debug/Obj/saadc_pca10056/nrfx_saadc.o
 .text.nrf_saadc_enable
                0x0000188c       0x10 Output/Debug/Obj/saadc_pca10056/nrfx_saadc.o
 .text.nrf_saadc_disable
                0x0000189c       0x10 Output/Debug/Obj/saadc_pca10056/nrfx_saadc.o
 .text.nrf_saadc_buffer_init
                0x000018ac       0x20 Output/Debug/Obj/saadc_pca10056/nrfx_saadc.o
 .text.nrf_saadc_amount_get
                0x000018cc       0x10 Output/Debug/Obj/saadc_pca10056/nrfx_saadc.o
 .text.nrf_saadc_resolution_set
                0x000018dc       0x1c Output/Debug/Obj/saadc_pca10056/nrfx_saadc.o
 .text.nrf_saadc_resolution_get
                0x000018f8       0x10 Output/Debug/Obj/saadc_pca10056/nrfx_saadc.o
 .text.nrf_saadc_oversample_sample_count_get
                0x00001908       0x18 Output/Debug/Obj/saadc_pca10056/nrfx_saadc.o
 .text.nrf_saadc_oversample_set
                0x00001920       0x1c Output/Debug/Obj/saadc_pca10056/nrfx_saadc.o
 .text.nrf_saadc_oversample_get
                0x0000193c       0x10 Output/Debug/Obj/saadc_pca10056/nrfx_saadc.o
 .text.nrf_saadc_continuous_mode_enable_check
                0x0000194c       0x20 Output/Debug/Obj/saadc_pca10056/nrfx_saadc.o
 .text.nrf_saadc_channel_init
                0x0000196c       0x8c Output/Debug/Obj/saadc_pca10056/nrfx_saadc.o
 .text.nrf_saadc_burst_set
                0x000019f8       0x48 Output/Debug/Obj/saadc_pca10056/nrfx_saadc.o
 .text.saadc_anomaly_212_workaround_apply
                0x00001a40       0xf0 Output/Debug/Obj/saadc_pca10056/nrfx_saadc.o
 .text.saadc_channel_count_get
                0x00001b30       0x84 Output/Debug/Obj/saadc_pca10056/nrfx_saadc.o
 .text.saadc_busy_check
                0x00001bb4       0x2c Output/Debug/Obj/saadc_pca10056/nrfx_saadc.o
 .text.saadc_generic_mode_set
                0x00001be0      0x108 Output/Debug/Obj/saadc_pca10056/nrfx_saadc.o
 .text.nrfx_saadc_init
                0x00001ce8       0x68 Output/Debug/Obj/saadc_pca10056/nrfx_saadc.o
                0x00001ce8                nrfx_saadc_init
 .text.nrfx_saadc_channels_config
                0x00001d50      0x1ac Output/Debug/Obj/saadc_pca10056/nrfx_saadc.o
                0x00001d50                nrfx_saadc_channels_config
 .text.nrfx_saadc_simple_mode_set
                0x00001efc       0xa0 Output/Debug/Obj/saadc_pca10056/nrfx_saadc.o
                0x00001efc                nrfx_saadc_simple_mode_set
 .text.nrfx_saadc_buffer_set
                0x00001f9c       0xfc Output/Debug/Obj/saadc_pca10056/nrfx_saadc.o
                0x00001f9c                nrfx_saadc_buffer_set
 .text.nrfx_saadc_mode_trigger
                0x00002098      0x204 Output/Debug/Obj/saadc_pca10056/nrfx_saadc.o
                0x00002098                nrfx_saadc_mode_trigger
 .text.saadc_event_started_handle
                0x0000229c       0x90 Output/Debug/Obj/saadc_pca10056/nrfx_saadc.o
 .text.saadc_event_end_handle
                0x0000232c       0x9c Output/Debug/Obj/saadc_pca10056/nrfx_saadc.o
 .text.saadc_event_limits_handle
                0x000023c8       0xbc Output/Debug/Obj/saadc_pca10056/nrfx_saadc.o
 .text.SAADC_IRQHandler
                0x00002484       0xbc Output/Debug/Obj/saadc_pca10056/nrfx_saadc.o
                0x00002484                SAADC_IRQHandler
 .text.__NVIC_EnableIRQ
                0x00002540       0x34 Output/Debug/Obj/saadc_pca10056/nrfx_uart.o
 .text.__NVIC_DisableIRQ
                0x00002574       0x44 Output/Debug/Obj/saadc_pca10056/nrfx_uart.o
 .text.__NVIC_SetPriority
                0x000025b8       0x50 Output/Debug/Obj/saadc_pca10056/nrfx_uart.o
 .text.nrfx_get_irq_number
                0x00002608       0x10 Output/Debug/Obj/saadc_pca10056/nrfx_uart.o
 .text._NRFX_IRQ_PRIORITY_SET
                0x00002618       0x40 Output/Debug/Obj/saadc_pca10056/nrfx_uart.o
 .text._NRFX_IRQ_ENABLE
                0x00002658       0x1c Output/Debug/Obj/saadc_pca10056/nrfx_uart.o
 .text._NRFX_IRQ_DISABLE
                0x00002674       0x1c Output/Debug/Obj/saadc_pca10056/nrfx_uart.o
 .text.nrf_uart_event_clear
                0x00002690       0x2a Output/Debug/Obj/saadc_pca10056/nrfx_uart.o
 .text.nrf_uart_event_check
                0x000026ba       0x24 Output/Debug/Obj/saadc_pca10056/nrfx_uart.o
 .text.nrf_uart_int_enable
                0x000026de       0x14 Output/Debug/Obj/saadc_pca10056/nrfx_uart.o
 .text.nrf_uart_int_enable_check
                0x000026f2       0x20 Output/Debug/Obj/saadc_pca10056/nrfx_uart.o
 .text.nrf_uart_int_disable
                0x00002712       0x14 Output/Debug/Obj/saadc_pca10056/nrfx_uart.o
 .text.nrf_uart_errorsrc_get_and_clear
                0x00002726       0x1c Output/Debug/Obj/saadc_pca10056/nrfx_uart.o
 .text.nrf_uart_enable
                0x00002742       0x12 Output/Debug/Obj/saadc_pca10056/nrfx_uart.o
 .text.nrf_uart_disable
                0x00002754       0x12 Output/Debug/Obj/saadc_pca10056/nrfx_uart.o
 .text.nrf_uart_txrx_pins_set
                0x00002766       0x1e Output/Debug/Obj/saadc_pca10056/nrfx_uart.o
 .text.nrf_uart_txrx_pins_disconnect
                0x00002784       0x1c Output/Debug/Obj/saadc_pca10056/nrfx_uart.o
 .text.nrf_uart_tx_pin_get
                0x000027a0       0x10 Output/Debug/Obj/saadc_pca10056/nrfx_uart.o
 .text.nrf_uart_rx_pin_get
                0x000027b0       0x10 Output/Debug/Obj/saadc_pca10056/nrfx_uart.o
 .text.nrf_uart_rts_pin_get
                0x000027c0       0x10 Output/Debug/Obj/saadc_pca10056/nrfx_uart.o
 .text.nrf_uart_cts_pin_get
                0x000027d0       0x10 Output/Debug/Obj/saadc_pca10056/nrfx_uart.o
 .text.nrf_uart_hwfc_pins_set
                0x000027e0       0x1e Output/Debug/Obj/saadc_pca10056/nrfx_uart.o
 .text.nrf_uart_hwfc_pins_disconnect
                0x000027fe       0x1c Output/Debug/Obj/saadc_pca10056/nrfx_uart.o
 .text.nrf_uart_rxd_get
                0x0000281a       0x12 Output/Debug/Obj/saadc_pca10056/nrfx_uart.o
 .text.nrf_uart_txd_set
                0x0000282c       0x1a Output/Debug/Obj/saadc_pca10056/nrfx_uart.o
 .text.nrf_uart_task_trigger
                0x00002846       0x1c Output/Debug/Obj/saadc_pca10056/nrfx_uart.o
 .text.nrf_uart_configure
                0x00002862       0x2a Output/Debug/Obj/saadc_pca10056/nrfx_uart.o
 .text.nrf_uart_baudrate_set
                0x0000288c       0x14 Output/Debug/Obj/saadc_pca10056/nrfx_uart.o
 .text.nrf_gpio_pin_port_decode
                0x000028a0       0x4c Output/Debug/Obj/saadc_pca10056/nrfx_uart.o
 .text.nrf_gpio_cfg
                0x000028ec       0x62 Output/Debug/Obj/saadc_pca10056/nrfx_uart.o
 .text.nrf_gpio_cfg_output
                0x0000294e       0x22 Output/Debug/Obj/saadc_pca10056/nrfx_uart.o
 .text.nrf_gpio_cfg_input
                0x00002970       0x2a Output/Debug/Obj/saadc_pca10056/nrfx_uart.o
 .text.nrf_gpio_cfg_default
                0x0000299a       0x22 Output/Debug/Obj/saadc_pca10056/nrfx_uart.o
 .text.nrf_gpio_pin_set
                0x000029bc       0x28 Output/Debug/Obj/saadc_pca10056/nrfx_uart.o
 .text.nrf_gpio_port_out_set
                0x000029e4       0x14 Output/Debug/Obj/saadc_pca10056/nrfx_uart.o
 .text.nrf_gpio_pin_present_check
                0x000029f8       0x50 Output/Debug/Obj/saadc_pca10056/nrfx_uart.o
 .text.apply_config
                0x00002a48       0xc6 Output/Debug/Obj/saadc_pca10056/nrfx_uart.o
 *fill*         0x00002b0e        0x2 
 .text.interrupts_enable
                0x00002b10       0x6c Output/Debug/Obj/saadc_pca10056/nrfx_uart.o
 .text.interrupts_disable
                0x00002b7c       0x30 Output/Debug/Obj/saadc_pca10056/nrfx_uart.o
 .text.pins_to_default
                0x00002bac       0x8a Output/Debug/Obj/saadc_pca10056/nrfx_uart.o
 *fill*         0x00002c36        0x2 
 .text.nrfx_uart_init
                0x00002c38       0xd4 Output/Debug/Obj/saadc_pca10056/nrfx_uart.o
                0x00002c38                nrfx_uart_init
 .text.nrfx_uart_uninit
                0x00002d0c       0x5c Output/Debug/Obj/saadc_pca10056/nrfx_uart.o
                0x00002d0c                nrfx_uart_uninit
 .text.tx_byte  0x00002d68       0x40 Output/Debug/Obj/saadc_pca10056/nrfx_uart.o
 .text.tx_blocking
                0x00002da8       0x52 Output/Debug/Obj/saadc_pca10056/nrfx_uart.o
 *fill*         0x00002dfa        0x2 
 .text.nrfx_uart_tx
                0x00002dfc      0x110 Output/Debug/Obj/saadc_pca10056/nrfx_uart.o
                0x00002dfc                nrfx_uart_tx
 .text.nrfx_uart_tx_in_progress
                0x00002f0c       0x2c Output/Debug/Obj/saadc_pca10056/nrfx_uart.o
                0x00002f0c                nrfx_uart_tx_in_progress
 .text.rx_byte  0x00002f38       0x4e Output/Debug/Obj/saadc_pca10056/nrfx_uart.o
 .text.rx_done_event
                0x00002f86       0x2e Output/Debug/Obj/saadc_pca10056/nrfx_uart.o
 .text.tx_done_event
                0x00002fb4       0x34 Output/Debug/Obj/saadc_pca10056/nrfx_uart.o
 .text.uart_irq_handler
                0x00002fe8      0x1de Output/Debug/Obj/saadc_pca10056/nrfx_uart.o
 *fill*         0x000031c6        0x2 
 .text.nrfx_uart_0_irq_handler
                0x000031c8       0x18 Output/Debug/Obj/saadc_pca10056/nrfx_uart.o
                0x000031c8                nrfx_uart_0_irq_handler
 .text.__NVIC_EnableIRQ
                0x000031e0       0x34 Output/Debug/Obj/saadc_pca10056/nrfx_uarte.o
 .text.__NVIC_DisableIRQ
                0x00003214       0x44 Output/Debug/Obj/saadc_pca10056/nrfx_uarte.o
 .text.__NVIC_SetPriority
                0x00003258       0x50 Output/Debug/Obj/saadc_pca10056/nrfx_uarte.o
 .text.nrfx_is_in_ram
                0x000032a8       0x1c Output/Debug/Obj/saadc_pca10056/nrfx_uarte.o
 .text.nrfx_get_irq_number
                0x000032c4       0x10 Output/Debug/Obj/saadc_pca10056/nrfx_uarte.o
 .text._NRFX_IRQ_PRIORITY_SET
                0x000032d4       0x40 Output/Debug/Obj/saadc_pca10056/nrfx_uarte.o
 .text._NRFX_IRQ_ENABLE
                0x00003314       0x1c Output/Debug/Obj/saadc_pca10056/nrfx_uarte.o
 .text._NRFX_IRQ_DISABLE
                0x00003330       0x1c Output/Debug/Obj/saadc_pca10056/nrfx_uarte.o
 .text.nrf_uarte_event_clear
                0x0000334c       0x2a Output/Debug/Obj/saadc_pca10056/nrfx_uarte.o
 .text.nrf_uarte_event_check
                0x00003376       0x24 Output/Debug/Obj/saadc_pca10056/nrfx_uarte.o
 .text.nrf_uarte_shorts_disable
                0x0000339a       0x1e Output/Debug/Obj/saadc_pca10056/nrfx_uarte.o
 .text.nrf_uarte_int_enable
                0x000033b8       0x14 Output/Debug/Obj/saadc_pca10056/nrfx_uarte.o
 .text.nrf_uarte_int_disable
                0x000033cc       0x14 Output/Debug/Obj/saadc_pca10056/nrfx_uarte.o
 .text.nrf_uarte_errorsrc_get_and_clear
                0x000033e0       0x1c Output/Debug/Obj/saadc_pca10056/nrfx_uarte.o
 .text.nrf_uarte_enable
                0x000033fc       0x12 Output/Debug/Obj/saadc_pca10056/nrfx_uarte.o
 .text.nrf_uarte_disable
                0x0000340e       0x12 Output/Debug/Obj/saadc_pca10056/nrfx_uarte.o
 .text.nrf_uarte_txrx_pins_set
                0x00003420       0x1e Output/Debug/Obj/saadc_pca10056/nrfx_uarte.o
 .text.nrf_uarte_txrx_pins_disconnect
                0x0000343e       0x1c Output/Debug/Obj/saadc_pca10056/nrfx_uarte.o
 .text.nrf_uarte_tx_pin_get
                0x0000345a       0x10 Output/Debug/Obj/saadc_pca10056/nrfx_uarte.o
 .text.nrf_uarte_rx_pin_get
                0x0000346a       0x10 Output/Debug/Obj/saadc_pca10056/nrfx_uarte.o
 .text.nrf_uarte_rts_pin_get
                0x0000347a       0x10 Output/Debug/Obj/saadc_pca10056/nrfx_uarte.o
 .text.nrf_uarte_cts_pin_get
                0x0000348a       0x10 Output/Debug/Obj/saadc_pca10056/nrfx_uarte.o
 .text.nrf_uarte_hwfc_pins_set
                0x0000349a       0x1e Output/Debug/Obj/saadc_pca10056/nrfx_uarte.o
 .text.nrf_uarte_hwfc_pins_disconnect
                0x000034b8       0x1c Output/Debug/Obj/saadc_pca10056/nrfx_uarte.o
 .text.nrf_uarte_task_trigger
                0x000034d4       0x1c Output/Debug/Obj/saadc_pca10056/nrfx_uarte.o
 .text.nrf_uarte_configure
                0x000034f0       0x2a Output/Debug/Obj/saadc_pca10056/nrfx_uarte.o
 .text.nrf_uarte_baudrate_set
                0x0000351a       0x14 Output/Debug/Obj/saadc_pca10056/nrfx_uarte.o
 .text.nrf_uarte_tx_buffer_set
                0x0000352e       0x1e Output/Debug/Obj/saadc_pca10056/nrfx_uarte.o
 .text.nrf_uarte_tx_amount_get
                0x0000354c       0x10 Output/Debug/Obj/saadc_pca10056/nrfx_uarte.o
 .text.nrf_uarte_rx_amount_get
                0x0000355c       0x10 Output/Debug/Obj/saadc_pca10056/nrfx_uarte.o
 .text.nrf_gpio_pin_port_decode
                0x0000356c       0x4c Output/Debug/Obj/saadc_pca10056/nrfx_uarte.o
 .text.nrf_gpio_cfg
                0x000035b8       0x62 Output/Debug/Obj/saadc_pca10056/nrfx_uarte.o
 .text.nrf_gpio_cfg_output
                0x0000361a       0x22 Output/Debug/Obj/saadc_pca10056/nrfx_uarte.o
 .text.nrf_gpio_cfg_input
                0x0000363c       0x2a Output/Debug/Obj/saadc_pca10056/nrfx_uarte.o
 .text.nrf_gpio_cfg_default
                0x00003666       0x22 Output/Debug/Obj/saadc_pca10056/nrfx_uarte.o
 .text.nrf_gpio_pin_set
                0x00003688       0x28 Output/Debug/Obj/saadc_pca10056/nrfx_uarte.o
 .text.nrf_gpio_port_out_set
                0x000036b0       0x14 Output/Debug/Obj/saadc_pca10056/nrfx_uarte.o
 .text.nrf_gpio_pin_present_check
                0x000036c4       0x50 Output/Debug/Obj/saadc_pca10056/nrfx_uarte.o
 .text.apply_config
                0x00003714       0xc6 Output/Debug/Obj/saadc_pca10056/nrfx_uarte.o
 *fill*         0x000037da        0x2 
 .text.interrupts_enable
                0x000037dc       0x98 Output/Debug/Obj/saadc_pca10056/nrfx_uarte.o
 .text.interrupts_disable
                0x00003874       0x30 Output/Debug/Obj/saadc_pca10056/nrfx_uarte.o
 .text.pins_to_default
                0x000038a4       0x8a Output/Debug/Obj/saadc_pca10056/nrfx_uarte.o
 *fill*         0x0000392e        0x2 
 .text.nrfx_uarte_init
                0x00003930       0xcc Output/Debug/Obj/saadc_pca10056/nrfx_uarte.o
                0x00003930                nrfx_uarte_init
 .text.nrfx_uarte_uninit
                0x000039fc       0xc4 Output/Debug/Obj/saadc_pca10056/nrfx_uarte.o
                0x000039fc                nrfx_uarte_uninit
 .text.nrfx_uarte_tx
                0x00003ac0      0x180 Output/Debug/Obj/saadc_pca10056/nrfx_uarte.o
                0x00003ac0                nrfx_uarte_tx
 .text.nrfx_uarte_tx_in_progress
                0x00003c40       0x30 Output/Debug/Obj/saadc_pca10056/nrfx_uarte.o
                0x00003c40                nrfx_uarte_tx_in_progress
 .text.rx_done_event
                0x00003c70       0x2e Output/Debug/Obj/saadc_pca10056/nrfx_uarte.o
 .text.tx_done_event
                0x00003c9e       0x34 Output/Debug/Obj/saadc_pca10056/nrfx_uarte.o
 .text.uarte_irq_handler
                0x00003cd2      0x18c Output/Debug/Obj/saadc_pca10056/nrfx_uarte.o
 *fill*         0x00003e5e        0x2 
 .text.nrfx_uarte_0_irq_handler
                0x00003e60       0x18 Output/Debug/Obj/saadc_pca10056/nrfx_uarte.o
                0x00003e60                nrfx_uarte_0_irq_handler
 .text.app_error_save_and_stop
                0x00003e78       0x98 Output/Debug/Obj/saadc_pca10056/app_error.o
                0x00003e78                app_error_save_and_stop
 .text.app_error_handler
                0x00003f10       0x1c Output/Debug/Obj/saadc_pca10056/app_error_handler_gcc.o
                0x00003f10                app_error_handler
 .text.app_error_fault_handler
                0x00003f2c      0x104 Output/Debug/Obj/saadc_pca10056/app_error_weak.o
                0x00003f2c                app_error_fault_handler
 .text.app_util_disable_irq
                0x00004030       0x18 Output/Debug/Obj/saadc_pca10056/app_util_platform.o
                0x00004030                app_util_disable_irq
 .text.app_util_enable_irq
                0x00004048       0x20 Output/Debug/Obj/saadc_pca10056/app_util_platform.o
                0x00004048                app_util_enable_irq
 .text.app_util_critical_region_enter
                0x00004068       0x28 Output/Debug/Obj/saadc_pca10056/app_util_platform.o
                0x00004068                app_util_critical_region_enter
 .text.app_util_critical_region_exit
                0x00004090       0x2c Output/Debug/Obj/saadc_pca10056/app_util_platform.o
                0x00004090                app_util_critical_region_exit
 .text.privilege_level_get
                0x000040bc       0x3a Output/Debug/Obj/saadc_pca10056/app_util_platform.o
                0x000040bc                privilege_level_get
 *fill*         0x000040f6        0x2 
 .text.RTC1_IRQHandler
                0x000040f8       0x1c Output/Debug/Obj/saadc_pca10056/drv_rtc.o
                0x000040f8                RTC1_IRQHandler
 .text.assert_nrf_callback
                0x00004114       0x2c Output/Debug/Obj/saadc_pca10056/nrf_assert.o
                0x00004114                assert_nrf_callback
 .text.nrf_atomic_u32_fetch_store
                0x00004140       0x2e Output/Debug/Obj/saadc_pca10056/nrf_atomic.o
                0x00004140                nrf_atomic_u32_fetch_store
 .text.nrf_atomic_u32_or
                0x0000416e       0x30 Output/Debug/Obj/saadc_pca10056/nrf_atomic.o
                0x0000416e                nrf_atomic_u32_or
 .text.nrf_atomic_u32_fetch_and
                0x0000419e       0x30 Output/Debug/Obj/saadc_pca10056/nrf_atomic.o
                0x0000419e                nrf_atomic_u32_fetch_and
 .text.nrf_atomic_u32_add
                0x000041ce       0x30 Output/Debug/Obj/saadc_pca10056/nrf_atomic.o
                0x000041ce                nrf_atomic_u32_add
 .text.nrf_atomic_u32_sub
                0x000041fe       0x30 Output/Debug/Obj/saadc_pca10056/nrf_atomic.o
                0x000041fe                nrf_atomic_u32_sub
 .text.nrf_atomic_flag_set
                0x0000422e       0x18 Output/Debug/Obj/saadc_pca10056/nrf_atomic.o
                0x0000422e                nrf_atomic_flag_set
 .text.nrf_atomic_flag_clear_fetch
                0x00004246       0x18 Output/Debug/Obj/saadc_pca10056/nrf_atomic.o
                0x00004246                nrf_atomic_flag_clear_fetch
 *fill*         0x0000425e        0x2 
 .text.nrf_balloc_idx2block
                0x00004260       0x38 Output/Debug/Obj/saadc_pca10056/nrf_balloc.o
 .text.nrf_balloc_block2idx
                0x00004298       0x34 Output/Debug/Obj/saadc_pca10056/nrf_balloc.o
 .text.nrf_balloc_init
                0x000042cc       0xb8 Output/Debug/Obj/saadc_pca10056/nrf_balloc.o
                0x000042cc                nrf_balloc_init
 .text.nrf_balloc_alloc
                0x00004384       0x84 Output/Debug/Obj/saadc_pca10056/nrf_balloc.o
                0x00004384                nrf_balloc_alloc
 .text.nrf_balloc_free
                0x00004408       0x58 Output/Debug/Obj/saadc_pca10056/nrf_balloc.o
                0x00004408                nrf_balloc_free
 .text.nrf_fprintf_buffer_flush
                0x00004460       0x44 Output/Debug/Obj/saadc_pca10056/nrf_fprintf.o
                0x00004460                nrf_fprintf_buffer_flush
 .text.nrf_fprintf
                0x000044a4       0x74 Output/Debug/Obj/saadc_pca10056/nrf_fprintf.o
                0x000044a4                nrf_fprintf
 .text.buffer_add
                0x00004518       0x4c Output/Debug/Obj/saadc_pca10056/nrf_fprintf_format.o
 .text.string_print
                0x00004564       0xc2 Output/Debug/Obj/saadc_pca10056/nrf_fprintf_format.o
 *fill*         0x00004626        0x2 
 .text.unsigned_print
                0x00004628      0x130 Output/Debug/Obj/saadc_pca10056/nrf_fprintf_format.o
 .text.int_print
                0x00004758      0x11c Output/Debug/Obj/saadc_pca10056/nrf_fprintf_format.o
 .text.nrf_fprintf_fmt
                0x00004874      0x388 Output/Debug/Obj/saadc_pca10056/nrf_fprintf_format.o
                0x00004874                nrf_fprintf_fmt
 .text.nrf_memobj_pool_init
                0x00004bfc       0x16 Output/Debug/Obj/saadc_pca10056/nrf_memobj.o
                0x00004bfc                nrf_memobj_pool_init
 .text.nrf_memobj_alloc
                0x00004c12       0xae Output/Debug/Obj/saadc_pca10056/nrf_memobj.o
                0x00004c12                nrf_memobj_alloc
 .text.nrf_memobj_free
                0x00004cc0       0x74 Output/Debug/Obj/saadc_pca10056/nrf_memobj.o
                0x00004cc0                nrf_memobj_free
 .text.nrf_memobj_get
                0x00004d34       0x1e Output/Debug/Obj/saadc_pca10056/nrf_memobj.o
                0x00004d34                nrf_memobj_get
 .text.nrf_memobj_put
                0x00004d52       0x34 Output/Debug/Obj/saadc_pca10056/nrf_memobj.o
                0x00004d52                nrf_memobj_put
 *fill*         0x00004d86        0x2 
 .text.memobj_op
                0x00004d88      0x124 Output/Debug/Obj/saadc_pca10056/nrf_memobj.o
 .text.nrf_memobj_write
                0x00004eac       0x3c Output/Debug/Obj/saadc_pca10056/nrf_memobj.o
                0x00004eac                nrf_memobj_write
 .text.nrf_memobj_read
                0x00004ee8       0x40 Output/Debug/Obj/saadc_pca10056/nrf_memobj.o
                0x00004ee8                nrf_memobj_read
 .text.nrf_ringbuf_init
                0x00004f28       0x3a Output/Debug/Obj/saadc_pca10056/nrf_ringbuf.o
                0x00004f28                nrf_ringbuf_init
 *fill*         0x00004f62        0x2 
 .text.nrf_strerror_get
                0x00004f64       0x28 Output/Debug/Obj/saadc_pca10056/nrf_strerror.o
                0x00004f64                nrf_strerror_get
 .text.nrf_strerror_find
                0x00004f8c       0x68 Output/Debug/Obj/saadc_pca10056/nrf_strerror.o
                0x00004f8c                nrf_strerror_find
 .text.nrfx_coredep_delay_us
                0x00004ff4       0x30 Output/Debug/Obj/saadc_pca10056/nrf_log_backend_rtt.o
 .text.nrf_delay_ms
                0x00005024       0x2a Output/Debug/Obj/saadc_pca10056/nrf_log_backend_rtt.o
 .text.nrf_log_backend_rtt_init
                0x0000504e        0xa Output/Debug/Obj/saadc_pca10056/nrf_log_backend_rtt.o
                0x0000504e                nrf_log_backend_rtt_init
 .text.serial_tx
                0x00005058       0x84 Output/Debug/Obj/saadc_pca10056/nrf_log_backend_rtt.o
 .text.nrf_log_backend_rtt_put
                0x000050dc       0x28 Output/Debug/Obj/saadc_pca10056/nrf_log_backend_rtt.o
 .text.nrf_log_backend_rtt_flush
                0x00005104        0xa Output/Debug/Obj/saadc_pca10056/nrf_log_backend_rtt.o
 .text.nrf_log_backend_rtt_panic_set
                0x0000510e        0xa Output/Debug/Obj/saadc_pca10056/nrf_log_backend_rtt.o
 .text.nrf_log_backend_serial_put
                0x00005118      0x124 Output/Debug/Obj/saadc_pca10056/nrf_log_backend_serial.o
                0x00005118                nrf_log_backend_serial_put
 .text.nrf_drv_uart_uninit
                0x0000523c       0x44 Output/Debug/Obj/saadc_pca10056/nrf_log_backend_uart.o
 .text.nrf_drv_uart_tx
                0x00005280       0x64 Output/Debug/Obj/saadc_pca10056/nrf_log_backend_uart.o
 .text.uart_evt_handler
                0x000052e4       0x18 Output/Debug/Obj/saadc_pca10056/nrf_log_backend_uart.o
 .text.uart_init
                0x000052fc       0x88 Output/Debug/Obj/saadc_pca10056/nrf_log_backend_uart.o
 .text.nrf_log_backend_uart_init
                0x00005384       0x1c Output/Debug/Obj/saadc_pca10056/nrf_log_backend_uart.o
                0x00005384                nrf_log_backend_uart_init
 .text.serial_tx
                0x000053a0       0x6c Output/Debug/Obj/saadc_pca10056/nrf_log_backend_uart.o
 .text.nrf_log_backend_uart_put
                0x0000540c       0x28 Output/Debug/Obj/saadc_pca10056/nrf_log_backend_uart.o
 .text.nrf_log_backend_uart_flush
                0x00005434        0xa Output/Debug/Obj/saadc_pca10056/nrf_log_backend_uart.o
 *fill*         0x0000543e        0x2 
 .text.nrf_log_backend_uart_panic_set
                0x00005440       0x20 Output/Debug/Obj/saadc_pca10056/nrf_log_backend_uart.o
 .text.nrf_log_backend_enable
                0x00005460       0x12 Output/Debug/Obj/saadc_pca10056/nrf_log_default_backends.o
 *fill*         0x00005472        0x2 
 .text.nrf_log_default_backends_init
                0x00005474       0x64 Output/Debug/Obj/saadc_pca10056/nrf_log_default_backends.o
                0x00005474                nrf_log_default_backends_init
 .text.nrf_log_backend_put
                0x000054d8       0x1c Output/Debug/Obj/saadc_pca10056/nrf_log_frontend.o
 .text.nrf_log_backend_panic_set
                0x000054f4       0x18 Output/Debug/Obj/saadc_pca10056/nrf_log_frontend.o
 .text.nrf_log_backend_flush
                0x0000550c       0x18 Output/Debug/Obj/saadc_pca10056/nrf_log_frontend.o
 .text.nrf_log_backend_id_set
                0x00005524       0x1a Output/Debug/Obj/saadc_pca10056/nrf_log_frontend.o
 .text.nrf_log_backend_id_get
                0x0000553e       0x10 Output/Debug/Obj/saadc_pca10056/nrf_log_frontend.o
 .text.nrf_log_backend_enable
                0x0000554e       0x12 Output/Debug/Obj/saadc_pca10056/nrf_log_frontend.o
 .text.nrf_log_backend_is_enabled
                0x00005560       0x10 Output/Debug/Obj/saadc_pca10056/nrf_log_frontend.o
 .text.nrf_log_init
                0x00005570       0x50 Output/Debug/Obj/saadc_pca10056/nrf_log_frontend.o
                0x00005570                nrf_log_init
 .text.nrf_log_module_cnt_get
                0x000055c0       0x14 Output/Debug/Obj/saadc_pca10056/nrf_log_frontend.o
                0x000055c0                nrf_log_module_cnt_get
 .text.module_idx_get
                0x000055d4       0x64 Output/Debug/Obj/saadc_pca10056/nrf_log_frontend.o
 .text.nrf_log_module_name_get
                0x00005638       0x40 Output/Debug/Obj/saadc_pca10056/nrf_log_frontend.o
                0x00005638                nrf_log_module_name_get
 .text.nrf_log_color_id_get
                0x00005678       0x70 Output/Debug/Obj/saadc_pca10056/nrf_log_frontend.o
                0x00005678                nrf_log_color_id_get
 .text.invalid_packets_omit
                0x000056e8       0x6e Output/Debug/Obj/saadc_pca10056/nrf_log_frontend.o
 *fill*         0x00005756        0x2 
 .text.log_skip
                0x00005758      0x118 Output/Debug/Obj/saadc_pca10056/nrf_log_frontend.o
 .text.dropped_sat16_get
                0x00005870       0x28 Output/Debug/Obj/saadc_pca10056/nrf_log_frontend.o
 .text.std_header_set
                0x00005898       0xb4 Output/Debug/Obj/saadc_pca10056/nrf_log_frontend.o
 .text.log_pending_hook
                0x0000594c        0x4 Output/Debug/Obj/saadc_pca10056/nrf_log_frontend.o
                0x0000594c                log_pending_hook
 .text.buf_prealloc
                0x00005950      0x128 Output/Debug/Obj/saadc_pca10056/nrf_log_frontend.o
 .text.std_n    0x00005a78       0x94 Output/Debug/Obj/saadc_pca10056/nrf_log_frontend.o
 .text.nrf_log_frontend_std_0
                0x00005b0c       0x1c Output/Debug/Obj/saadc_pca10056/nrf_log_frontend.o
                0x00005b0c                nrf_log_frontend_std_0
 .text.nrf_log_frontend_std_1
                0x00005b28       0x22 Output/Debug/Obj/saadc_pca10056/nrf_log_frontend.o
                0x00005b28                nrf_log_frontend_std_1
 .text.nrf_log_frontend_std_2
                0x00005b4a       0x28 Output/Debug/Obj/saadc_pca10056/nrf_log_frontend.o
                0x00005b4a                nrf_log_frontend_std_2
 .text.nrf_log_frontend_std_3
                0x00005b72       0x2c Output/Debug/Obj/saadc_pca10056/nrf_log_frontend.o
                0x00005b72                nrf_log_frontend_std_3
 .text.nrf_log_frontend_std_5
                0x00005b9e       0x34 Output/Debug/Obj/saadc_pca10056/nrf_log_frontend.o
                0x00005b9e                nrf_log_frontend_std_5
 *fill*         0x00005bd2        0x2 
 .text.buffer_is_empty
                0x00005bd4       0x1c Output/Debug/Obj/saadc_pca10056/nrf_log_frontend.o
                0x00005bd4                buffer_is_empty
 .text.nrf_log_frontend_dequeue
                0x00005bf0      0x3a0 Output/Debug/Obj/saadc_pca10056/nrf_log_frontend.o
                0x00005bf0                nrf_log_frontend_dequeue
 .text.backend_id_assign
                0x00005f90       0x68 Output/Debug/Obj/saadc_pca10056/nrf_log_frontend.o
 .text.nrf_log_backend_add
                0x00005ff8       0x70 Output/Debug/Obj/saadc_pca10056/nrf_log_frontend.o
                0x00005ff8                nrf_log_backend_add
 .text.nrf_log_panic
                0x00006068       0x3c Output/Debug/Obj/saadc_pca10056/nrf_log_frontend.o
                0x00006068                nrf_log_panic
 .text.timestamp_print
                0x000060a4        0xc Output/Debug/Obj/saadc_pca10056/nrf_log_str_formatter.o
 .text.prefix_process
                0x000060b0       0xb0 Output/Debug/Obj/saadc_pca10056/nrf_log_str_formatter.o
 .text.postfix_process
                0x00006160       0x60 Output/Debug/Obj/saadc_pca10056/nrf_log_str_formatter.o
 .text.nrf_log_std_entry_process
                0x000061c0      0x144 Output/Debug/Obj/saadc_pca10056/nrf_log_str_formatter.o
                0x000061c0                nrf_log_std_entry_process
 .text.nrf_log_hexdump_entry_process
                0x00006304       0xf0 Output/Debug/Obj/saadc_pca10056/nrf_log_str_formatter.o
                0x00006304                nrf_log_hexdump_entry_process
 .text._DoInit  0x000063f4       0x9c Output/Debug/Obj/saadc_pca10056/SEGGER_RTT.o
 .text._WriteBlocking
                0x00006490       0xb2 Output/Debug/Obj/saadc_pca10056/SEGGER_RTT.o
 .text._WriteNoCheck
                0x00006542       0x7e Output/Debug/Obj/saadc_pca10056/SEGGER_RTT.o
 .text._GetAvailWriteSpace
                0x000065c0       0x3c Output/Debug/Obj/saadc_pca10056/SEGGER_RTT.o
 .text.SEGGER_RTT_WriteNoLock
                0x000065fc       0xa0 Output/Debug/Obj/saadc_pca10056/SEGGER_RTT.o
                0x000065fc                SEGGER_RTT_WriteNoLock
 .text.SEGGER_RTT_Init
                0x0000669c        0xa Output/Debug/Obj/saadc_pca10056/SEGGER_RTT.o
                0x0000669c                SEGGER_RTT_Init
 .text.libc.__SEGGER_RTL_init_heap
                0x000066a6       0x18 C:/Program Files/SEGGER/SEGGER Embedded Studio 8.22a/lib/heapops_basic_v7em_fpv4_sp_d16_hard_t_le_eabi_balanced.a(heapops_basic.o)
                0x000066a6                __SEGGER_RTL_init_heap
 .text.libc.strlen
                0x000066be       0x2c C:/Program Files/SEGGER/SEGGER Embedded Studio 8.22a/lib/strops_unaligned_v7em_fpv4_sp_d16_hard_t_le_eabi_balanced.a(strops.o)
                0x000066be                strlen
 *fill*         0x000066ea        0x2 
 .text.libc.memcpy
                0x000066ec       0x5c C:/Program Files/SEGGER/SEGGER Embedded Studio 8.22a/lib/strops_unaligned_v7em_fpv4_sp_d16_hard_t_le_eabi_balanced.a(strasmops_arm.o)
                0x000066ec                __aeabi_memcpy
                0x000066ec                memcpy
                0x0000670a                __aeabi_memcpy8
                0x0000670a                __aeabi_memcpy4
 .text.libc.__aeabi_memclr
                0x00006748       0x68 C:/Program Files/SEGGER/SEGGER Embedded Studio 8.22a/lib/strops_unaligned_v7em_fpv4_sp_d16_hard_t_le_eabi_balanced.a(strasmops_arm.o)
                0x00006748                __aeabi_memclr8
                0x00006748                __aeabi_memclr
                0x00006748                __aeabi_memclr4
                0x0000674a                __aeabi_memset4
                0x0000674a                __aeabi_memset8
                0x0000674a                __aeabi_memset
                0x00006750                memset
 .text.libc.__SEGGER_RTL_ascii_mbtowc
                0x000067b0       0x34 C:/Program Files/SEGGER/SEGGER Embedded Studio 8.22a/lib/mbops_timeops_v7em_fpv4_sp_d16_hard_t_le_eabi_balanced.a(mbops.o)
                0x000067b0                __SEGGER_RTL_ascii_mbtowc
 .text.libc.__SEGGER_RTL_ascii_wctomb
                0x000067e4        0xe C:/Program Files/SEGGER/SEGGER Embedded Studio 8.22a/lib/mbops_timeops_v7em_fpv4_sp_d16_hard_t_le_eabi_balanced.a(mbops.o)
                0x000067e4                __SEGGER_RTL_ascii_wctomb
 .text.libc.isprint
                0x000067f2       0x20 C:/Program Files/SEGGER/SEGGER Embedded Studio 8.22a/lib/mbops_timeops_v7em_fpv4_sp_d16_hard_t_le_eabi_balanced.a(mbops.o)
                0x000067f2                isprint
 .text.libc.__SEGGER_RTL_ascii_isctype
                0x00006812       0x20 C:/Program Files/SEGGER/SEGGER Embedded Studio 8.22a/lib/mbops_timeops_v7em_fpv4_sp_d16_hard_t_le_eabi_balanced.a(mbops.o)
 .text.libc.__SEGGER_RTL_ascii_toupper
                0x00006832        0xc C:/Program Files/SEGGER/SEGGER Embedded Studio 8.22a/lib/mbops_timeops_v7em_fpv4_sp_d16_hard_t_le_eabi_balanced.a(mbops.o)
 .text.libc.__SEGGER_RTL_ascii_tolower
                0x0000683e        0xe C:/Program Files/SEGGER/SEGGER Embedded Studio 8.22a/lib/mbops_timeops_v7em_fpv4_sp_d16_hard_t_le_eabi_balanced.a(mbops.o)
 .text.libc.__SEGGER_RTL_ascii_iswctype
                0x0000684c       0x20 C:/Program Files/SEGGER/SEGGER Embedded Studio 8.22a/lib/mbops_timeops_v7em_fpv4_sp_d16_hard_t_le_eabi_balanced.a(mbops.o)
 .text.libc.__SEGGER_RTL_ascii_towupper
                0x0000686c        0xc C:/Program Files/SEGGER/SEGGER Embedded Studio 8.22a/lib/mbops_timeops_v7em_fpv4_sp_d16_hard_t_le_eabi_balanced.a(mbops.o)
 .text.libc.__SEGGER_RTL_ascii_towlower
                0x00006878        0xe C:/Program Files/SEGGER/SEGGER Embedded Studio 8.22a/lib/mbops_timeops_v7em_fpv4_sp_d16_hard_t_le_eabi_balanced.a(mbops.o)
                0x00006886                        __text_end__ = (__text_start__ + SIZEOF (.text))
                0x000064a2                        __text_size__ = SIZEOF (.text)
                0x00006886                        __text_load_end__ = __text_end__

.vfp11_veneer   0x00000000        0x0
 .vfp11_veneer  0x00000000        0x0 linker stubs

.v4_bx          0x00000000        0x0
 .v4_bx         0x00000000        0x0 linker stubs

.iplt           0x00000000        0x0
 .iplt          0x00000000        0x0 Output/Debug/Obj/saadc_pca10056/main.o
                0x00000001                        . = ASSERT (((__text_start__ == __text_end__) || ((__text_end__ - __FLASH_segment_start__) <= __FLASH_segment_size__)), error: .text is too large to fit in FLASH memory segment)
                0x00006888                        __pwr_mgmt_data_load_start__ = ALIGN (__text_end__, 0x4)

.pwr_mgmt_data  0x00006888        0x0
                0x00006888                        __pwr_mgmt_data_start__ = .
                0x00006888                        __start_pwr_mgmt_data = __pwr_mgmt_data_start__
 *(SORT_BY_NAME(.pwr_mgmt_data*))
                0x00006888                        __pwr_mgmt_data_end__ = (__pwr_mgmt_data_start__ + SIZEOF (.pwr_mgmt_data))
                0x00000000                        __pwr_mgmt_data_size__ = SIZEOF (.pwr_mgmt_data)
                0x00006888                        __stop_pwr_mgmt_data = __pwr_mgmt_data_end__
                0x00006888                        __pwr_mgmt_data_load_end__ = __pwr_mgmt_data_end__
                0x00000001                        . = ASSERT (((__pwr_mgmt_data_start__ == __pwr_mgmt_data_end__) || ((__pwr_mgmt_data_end__ - __FLASH_segment_start__) <= __FLASH_segment_size__)), error: .pwr_mgmt_data is too large to fit in FLASH memory segment)
                0x00006888                        __log_const_data_load_start__ = ALIGN (__pwr_mgmt_data_end__, 0x4)

.log_const_data
                0x00006888       0x58
                0x00006888                        __log_const_data_start__ = .
                0x00006888                        __start_log_const_data = __log_const_data_start__
 *(SORT_BY_NAME(.log_const_data*))
 .log_const_data_CLOCK
                0x00006888        0x8 Output/Debug/Obj/saadc_pca10056/nrfx_clock.o
                0x00006888                m_nrf_log_CLOCK_logs_data_const
 .log_const_data_PRS
                0x00006890        0x8 Output/Debug/Obj/saadc_pca10056/nrfx_prs.o
                0x00006890                m_nrf_log_PRS_logs_data_const
 .log_const_data_RTC
                0x00006898        0x8 Output/Debug/Obj/saadc_pca10056/nrfx_rtc.o
                0x00006898                m_nrf_log_RTC_logs_data_const
 .log_const_data_SAADC
                0x000068a0        0x8 Output/Debug/Obj/saadc_pca10056/nrfx_saadc.o
                0x000068a0                m_nrf_log_SAADC_logs_data_const
 .log_const_data_UART
                0x000068a8        0x8 Output/Debug/Obj/saadc_pca10056/nrfx_uart.o
                0x000068a8                m_nrf_log_UART_logs_data_const
 .log_const_data_UARTE
                0x000068b0        0x8 Output/Debug/Obj/saadc_pca10056/nrfx_uarte.o
                0x000068b0                m_nrf_log_UARTE_logs_data_const
 .log_const_data_app
                0x000068b8        0x8 Output/Debug/Obj/saadc_pca10056/nrf_log_frontend.o
                0x000068b8                m_nrf_log_app_logs_data_const
 .log_const_data_app_timer
                0x000068c0        0x8 Output/Debug/Obj/saadc_pca10056/app_timer2.o
                0x000068c0                m_nrf_log_app_timer_logs_data_const
 .log_const_data_clock
                0x000068c8        0x8 Output/Debug/Obj/saadc_pca10056/nrf_drv_clock.o
                0x000068c8                m_nrf_log_clock_logs_data_const
 .log_const_data_pwr_mgmt
                0x000068d0        0x8 Output/Debug/Obj/saadc_pca10056/nrf_pwr_mgmt.o
                0x000068d0                m_nrf_log_pwr_mgmt_logs_data_const
 .log_const_data_sortlist
                0x000068d8        0x8 Output/Debug/Obj/saadc_pca10056/nrf_sortlist.o
                0x000068d8                m_nrf_log_sortlist_logs_data_const
                0x000068e0                        __log_const_data_end__ = (__log_const_data_start__ + SIZEOF (.log_const_data))
                0x00000058                        __log_const_data_size__ = SIZEOF (.log_const_data)
                0x000068e0                        __stop_log_const_data = __log_const_data_end__
                0x000068e0                        __log_const_data_load_end__ = __log_const_data_end__
                0x00000001                        . = ASSERT (((__log_const_data_start__ == __log_const_data_end__) || ((__log_const_data_end__ - __FLASH_segment_start__) <= __FLASH_segment_size__)), error: .log_const_data is too large to fit in FLASH memory segment)
                0x000068e0                        __log_backends_load_start__ = ALIGN (__log_const_data_end__, 0x4)

.log_backends   0x000068e0       0x20
                0x000068e0                        __log_backends_start__ = .
                0x000068e0                        __start_log_backends = __log_backends_start__
 *(SORT_BY_NAME(.log_backends*))
 .log_backends  0x000068e0       0x20 Output/Debug/Obj/saadc_pca10056/nrf_log_default_backends.o
                0x00006900                        __log_backends_end__ = (__log_backends_start__ + SIZEOF (.log_backends))
                0x00000020                        __log_backends_size__ = SIZEOF (.log_backends)
                0x00006900                        __stop_log_backends = __log_backends_end__
                0x00006900                        __log_backends_load_end__ = __log_backends_end__
                0x00000001                        . = ASSERT (((__log_backends_start__ == __log_backends_end__) || ((__log_backends_end__ - __FLASH_segment_start__) <= __FLASH_segment_size__)), error: .log_backends is too large to fit in FLASH memory segment)
                0x00006900                        __nrf_balloc_load_start__ = ALIGN (__log_backends_end__, 0x4)

.nrf_balloc     0x00006900       0x14
                0x00006900                        __nrf_balloc_start__ = .
                0x00006900                        __start_nrf_balloc = __nrf_balloc_start__
 *(.nrf_balloc*)
 .nrf_balloc    0x00006900       0x14 Output/Debug/Obj/saadc_pca10056/nrf_log_frontend.o
                0x00006900                log_mempool
                0x00006914                        __nrf_balloc_end__ = (__nrf_balloc_start__ + SIZEOF (.nrf_balloc))
                0x00000014                        __nrf_balloc_size__ = SIZEOF (.nrf_balloc)
                0x00006914                        __stop_nrf_balloc = __nrf_balloc_end__
                0x00006914                        __nrf_balloc_load_end__ = __nrf_balloc_end__
                0x00000001                        . = ASSERT (((__nrf_balloc_start__ == __nrf_balloc_end__) || ((__nrf_balloc_end__ - __FLASH_segment_start__) <= __FLASH_segment_size__)), error: .nrf_balloc is too large to fit in FLASH memory segment)
                0x00006914                        __nrf_sections_load_start__ = ALIGN (__nrf_balloc_end__, 0x4)

.nrf_sections   0x00006914        0x0
                0x00006914                        __nrf_sections_start__ = .
                0x00006914                        __start_nrf_sections = __nrf_sections_start__
 *(.nrf_sections .nrf_sections.*)
                0x00006914                        __nrf_sections_end__ = (__nrf_sections_start__ + SIZEOF (.nrf_sections))
                0x00000000                        __nrf_sections_size__ = SIZEOF (.nrf_sections)
                0x00006914                        __nrf_sections_load_end__ = __nrf_sections_end__
                0x00000001                        . = ASSERT (((__nrf_sections_start__ == __nrf_sections_end__) || ((__nrf_sections_end__ - __FLASH_segment_start__) <= __FLASH_segment_size__)), error: .nrf_sections is too large to fit in FLASH memory segment)
                0x00006914                        __log_dynamic_data_load_start__ = ALIGN (__nrf_sections_end__, 0x4)

.log_dynamic_data
                0x20000000        0x0 load address 0x00006914
                0x20000000                        __log_dynamic_data_start__ = .
 *(SORT_BY_NAME(.log_dynamic_data*))
                0x20000000                        __log_dynamic_data_end__ = (__log_dynamic_data_start__ + SIZEOF (.log_dynamic_data))
                0x00000000                        __log_dynamic_data_size__ = SIZEOF (.log_dynamic_data)
                0x00006914                        __log_dynamic_data_load_end__ = (__log_dynamic_data_load_start__ + SIZEOF (.log_dynamic_data))
                0x00000001                        . = ASSERT (((__log_dynamic_data_load_start__ == __log_dynamic_data_load_end__) || ((__log_dynamic_data_load_end__ - __FLASH_segment_start__) <= __FLASH_segment_size__)), error: .log_dynamic_data is too large to fit in FLASH memory segment)

.log_dynamic_data_run
                0x20000000        0x0
                0x20000000                        __log_dynamic_data_run_start__ = .
                0x20000000                        __start_log_dynamic_data = __log_dynamic_data_run_start__
                0x20000000                        __log_dynamic_data_run_end__ = (__log_dynamic_data_run_start__ + SIZEOF (.log_dynamic_data))
                0x00000000                        __log_dynamic_data_run_size__ = (__log_dynamic_data_run_end__ - __log_dynamic_data_run_start__)
                0x20000000                        __stop_log_dynamic_data = __log_dynamic_data_run_end__
                0x20000000                        __log_dynamic_data_run_load_end__ = __log_dynamic_data_run_end__
                0x00000001                        . = ASSERT (((__log_dynamic_data_run_start__ == __log_dynamic_data_run_end__) || ((__log_dynamic_data_run_end__ - __RAM1_segment_start__) <= __RAM1_segment_size__)), error: .log_dynamic_data_run is too large to fit in RAM1 memory segment)
                0x00006914                        __log_filter_data_load_start__ = ALIGN ((__log_dynamic_data_load_start__ + SIZEOF (.log_dynamic_data)), 0x4)

.log_filter_data
                0x20000000        0x0 load address 0x00006914
                0x20000000                        __log_filter_data_start__ = .
 *(SORT_BY_NAME(.log_filter_data*))
                0x20000000                        __log_filter_data_end__ = (__log_filter_data_start__ + SIZEOF (.log_filter_data))
                0x00000000                        __log_filter_data_size__ = SIZEOF (.log_filter_data)
                0x00006914                        __log_filter_data_load_end__ = (__log_filter_data_load_start__ + SIZEOF (.log_filter_data))
                0x00000001                        . = ASSERT (((__log_filter_data_load_start__ == __log_filter_data_load_end__) || ((__log_filter_data_load_end__ - __FLASH_segment_start__) <= __FLASH_segment_size__)), error: .log_filter_data is too large to fit in FLASH memory segment)

.log_filter_data_run
                0x20000000        0x0
                0x20000000                        __log_filter_data_run_start__ = .
                0x20000000                        __start_log_filter_data = __log_filter_data_run_start__
                0x20000000                        __log_filter_data_run_end__ = (__log_filter_data_run_start__ + SIZEOF (.log_filter_data))
                0x00000000                        __log_filter_data_run_size__ = (__log_filter_data_run_end__ - __log_filter_data_run_start__)
                0x20000000                        __stop_log_filter_data = __log_filter_data_run_end__
                0x20000000                        __log_filter_data_run_load_end__ = __log_filter_data_run_end__
                0x00000001                        . = ASSERT (((__log_filter_data_run_start__ == __log_filter_data_run_end__) || ((__log_filter_data_run_end__ - __RAM1_segment_start__) <= __RAM1_segment_size__)), error: .log_filter_data_run is too large to fit in RAM1 memory segment)
                0x20000000                        __nrf_sections_run_end_load_start__ = ALIGN (__log_filter_data_run_end__, 0x4)

.nrf_sections_run_end
                0x20000000        0x0
                0x20000000                        __nrf_sections_run_end_start__ = .
                0x20000000                        __end_nrf_sections_run = __nrf_sections_run_end_start__
 *(.nrf_sections_run_end .nrf_sections_run_end.*)
                0x20000000                        __nrf_sections_run_end_end__ = (__nrf_sections_run_end_start__ + SIZEOF (.nrf_sections_run_end))
                0x00000000                        __nrf_sections_run_end_size__ = SIZEOF (.nrf_sections_run_end)
                0x20000000                        __nrf_sections_run_end_load_end__ = __nrf_sections_run_end_end__
                0x00000001                        . = ASSERT (((__nrf_sections_run_end_start__ == __nrf_sections_run_end_end__) || ((__nrf_sections_run_end_end__ - __RAM1_segment_start__) <= __RAM1_segment_size__)), error: .nrf_sections_run_end is too large to fit in RAM1 memory segment)
                0x00006914                        __dtors_load_start__ = ALIGN ((__log_filter_data_load_start__ + SIZEOF (.log_filter_data)), 0x4)

.dtors          0x00006914        0x0
                0x00006914                        __dtors_start__ = .
 *(SORT_BY_NAME(.dtors.*))
 *(.dtors)
 *(.fini_array)
 *(SORT_BY_NAME(.fini_array.*))
                0x00006914                        __dtors_end__ = (__dtors_start__ + SIZEOF (.dtors))
                0x00000000                        __dtors_size__ = SIZEOF (.dtors)
                0x00006914                        __dtors_load_end__ = __dtors_end__
                0x00000001                        . = ASSERT (((__dtors_start__ == __dtors_end__) || ((__dtors_end__ - __FLASH_segment_start__) <= __FLASH_segment_size__)), error: .dtors is too large to fit in FLASH memory segment)
                0x00006914                        __ctors_load_start__ = ALIGN (__dtors_end__, 0x4)

.ctors          0x00006914        0x0
                0x00006914                        __ctors_start__ = .
 *(SORT_BY_NAME(.ctors.*))
 *(.ctors)
 *(.init_array)
 *(SORT_BY_NAME(.init_array.*))
                0x00006914                        __ctors_end__ = (__ctors_start__ + SIZEOF (.ctors))
                0x00000000                        __ctors_size__ = SIZEOF (.ctors)
                0x00006914                        __ctors_load_end__ = __ctors_end__
                0x00000001                        . = ASSERT (((__ctors_start__ == __ctors_end__) || ((__ctors_end__ - __FLASH_segment_start__) <= __FLASH_segment_size__)), error: .ctors is too large to fit in FLASH memory segment)
                0x00006914                        __rodata_load_start__ = ALIGN (__ctors_end__, 0x4)

.rodata         0x00006914     0x1181
                0x00006914                        __rodata_start__ = .
 *(.rodata .rodata.* .gnu.linkonce.r.* .data.rel.ro .data.rel.ro.*)
 .rodata        0x00006914      0x287 Output/Debug/Obj/saadc_pca10056/main.o
 *fill*         0x00006b9b        0x5 
 .rodata.delay_machine_code.0
                0x00006ba0        0x6 Output/Debug/Obj/saadc_pca10056/main.o
 *fill*         0x00006ba6        0x2 
 .rodata        0x00006ba8       0x37 Output/Debug/Obj/saadc_pca10056/nrf_drv_clock.o
 *fill*         0x00006bdf        0x1 
 .rodata        0x00006be0       0x2e Output/Debug/Obj/saadc_pca10056/nrf_drv_uart.o
 *fill*         0x00006c0e        0x2 
 .rodata        0x00006c10       0x59 Output/Debug/Obj/saadc_pca10056/nrfx_clock.o
 *fill*         0x00006c69        0x3 
 .rodata        0x00006c6c       0x33 Output/Debug/Obj/saadc_pca10056/nrfx_prs.o
 *fill*         0x00006c9f        0x1 
 .rodata        0x00006ca0       0x77 Output/Debug/Obj/saadc_pca10056/nrfx_rtc.o
 *fill*         0x00006d17        0x1 
 .rodata        0x00006d18       0x7d Output/Debug/Obj/saadc_pca10056/nrfx_saadc.o
 *fill*         0x00006d95        0x3 
 .rodata        0x00006d98       0x7c Output/Debug/Obj/saadc_pca10056/nrfx_uart.o
 .rodata.irq_handlers.0
                0x00006e14        0x4 Output/Debug/Obj/saadc_pca10056/nrfx_uart.o
 .rodata        0x00006e18       0x7d Output/Debug/Obj/saadc_pca10056/nrfx_uarte.o
 *fill*         0x00006e95        0x3 
 .rodata.irq_handlers.0
                0x00006e98        0x4 Output/Debug/Obj/saadc_pca10056/nrfx_uarte.o
 .rodata        0x00006e9c       0x70 Output/Debug/Obj/saadc_pca10056/app_error_weak.o
 .rodata        0x00006f0c       0x40 Output/Debug/Obj/saadc_pca10056/app_timer2.o
 .rodata        0x00006f4c       0x35 Output/Debug/Obj/saadc_pca10056/app_util_platform.o
 *fill*         0x00006f81        0x3 
 .rodata        0x00006f84       0x30 Output/Debug/Obj/saadc_pca10056/nrf_balloc.o
 .rodata        0x00006fb4       0x6a Output/Debug/Obj/saadc_pca10056/nrf_fprintf.o
 *fill*         0x0000701e        0x2 
 .rodata        0x00007020       0x2d Output/Debug/Obj/saadc_pca10056/nrf_fprintf_format.o
 *fill*         0x0000704d        0x3 
 .rodata._aV2C.0
                0x00007050       0x10 Output/Debug/Obj/saadc_pca10056/nrf_fprintf_format.o
 .rodata        0x00007060       0x30 Output/Debug/Obj/saadc_pca10056/nrf_memobj.o
 .rodata        0x00007090       0xb8 Output/Debug/Obj/saadc_pca10056/nrf_pwr_mgmt.o
 .rodata        0x00007148       0x40 Output/Debug/Obj/saadc_pca10056/nrf_sortlist.o
 .rodata.m_unknown_str
                0x00007188       0x13 Output/Debug/Obj/saadc_pca10056/nrf_strerror.o
 *fill*         0x0000719b        0x1 
 .rodata        0x0000719c      0x3bd Output/Debug/Obj/saadc_pca10056/nrf_strerror.o
 *fill*         0x00007559        0x3 
 .rodata.nrf_strerror_array
                0x0000755c      0x118 Output/Debug/Obj/saadc_pca10056/nrf_strerror.o
 .rodata.nrf_log_backend_rtt_api
                0x00007674        0xc Output/Debug/Obj/saadc_pca10056/nrf_log_backend_rtt.o
                0x00007674                nrf_log_backend_rtt_api
 .rodata.delay_machine_code.0
                0x00007680        0x6 Output/Debug/Obj/saadc_pca10056/nrf_log_backend_rtt.o
 *fill*         0x00007686        0x2 
 .rodata        0x00007688       0x5c Output/Debug/Obj/saadc_pca10056/nrf_log_backend_uart.o
 .rodata.nrf_log_backend_uart_api
                0x000076e4        0xc Output/Debug/Obj/saadc_pca10056/nrf_log_backend_uart.o
                0x000076e4                nrf_log_backend_uart_api
 .rodata        0x000076f0       0x63 Output/Debug/Obj/saadc_pca10056/nrf_log_default_backends.o
 *fill*         0x00007753        0x1 
 .rodata.m_log_push_ringbuf
                0x00007754        0xc Output/Debug/Obj/saadc_pca10056/nrf_log_frontend.o
 .rodata        0x00007760       0x4d Output/Debug/Obj/saadc_pca10056/nrf_log_frontend.o
 *fill*         0x000077ad        0x3 
 .rodata        0x000077b0       0xaa Output/Debug/Obj/saadc_pca10056/nrf_log_str_formatter.o
 *fill*         0x0000785a        0x2 
 .rodata        0x0000785c       0x17 Output/Debug/Obj/saadc_pca10056/SEGGER_RTT.o
 *fill*         0x00007873        0x1 
 .rodata.libc.__SEGGER_RTL_c_locale
                0x00007874        0xc C:/Program Files/SEGGER/SEGGER Embedded Studio 8.22a/lib/mbops_timeops_v7em_fpv4_sp_d16_hard_t_le_eabi_balanced.a(mbops.o)
                0x00007874                __SEGGER_RTL_c_locale
 .rodata.libc.__SEGGER_RTL_c_locale_day_names
                0x00007880       0x3a C:/Program Files/SEGGER/SEGGER Embedded Studio 8.22a/lib/mbops_timeops_v7em_fpv4_sp_d16_hard_t_le_eabi_balanced.a(mbops.o)
                0x00007880                __SEGGER_RTL_c_locale_day_names
 .rodata.libc.__SEGGER_RTL_c_locale_month_names
                0x000078ba       0x57 C:/Program Files/SEGGER/SEGGER Embedded Studio 8.22a/lib/mbops_timeops_v7em_fpv4_sp_d16_hard_t_le_eabi_balanced.a(mbops.o)
                0x000078ba                __SEGGER_RTL_c_locale_month_names
 .rodata.libc.__SEGGER_RTL_c_locale_am_pm_indicator
                0x00007911        0x7 C:/Program Files/SEGGER/SEGGER Embedded Studio 8.22a/lib/mbops_timeops_v7em_fpv4_sp_d16_hard_t_le_eabi_balanced.a(mbops.o)
                0x00007911                __SEGGER_RTL_c_locale_am_pm_indicator
 .rodata.libc.__SEGGER_RTL_c_locale_date_format
                0x00007918        0x9 C:/Program Files/SEGGER/SEGGER Embedded Studio 8.22a/lib/mbops_timeops_v7em_fpv4_sp_d16_hard_t_le_eabi_balanced.a(mbops.o)
                0x00007918                __SEGGER_RTL_c_locale_date_format
 .rodata.libc.__SEGGER_RTL_c_locale_time_format
                0x00007921        0x9 C:/Program Files/SEGGER/SEGGER Embedded Studio 8.22a/lib/mbops_timeops_v7em_fpv4_sp_d16_hard_t_le_eabi_balanced.a(mbops.o)
                0x00007921                __SEGGER_RTL_c_locale_time_format
 .rodata.libc.__SEGGER_RTL_c_locale_date_time_format
                0x0000792a        0xf C:/Program Files/SEGGER/SEGGER Embedded Studio 8.22a/lib/mbops_timeops_v7em_fpv4_sp_d16_hard_t_le_eabi_balanced.a(mbops.o)
                0x0000792a                __SEGGER_RTL_c_locale_date_time_format
 .rodata.libc..L.str
                0x00007939        0x2 C:/Program Files/SEGGER/SEGGER Embedded Studio 8.22a/lib/mbops_timeops_v7em_fpv4_sp_d16_hard_t_le_eabi_balanced.a(mbops.o)
 *fill*         0x0000793b        0x1 
 .rodata.libc.__SEGGER_RTL_codeset_ascii
                0x0000793c       0x20 C:/Program Files/SEGGER/SEGGER Embedded Studio 8.22a/lib/mbops_timeops_v7em_fpv4_sp_d16_hard_t_le_eabi_balanced.a(mbops.o)
                0x0000793c                __SEGGER_RTL_codeset_ascii
 .rodata.libc.__SEGGER_RTL_c_locale_abbrev_day_names
                0x0000795c       0x1d C:/Program Files/SEGGER/SEGGER Embedded Studio 8.22a/lib/mbops_timeops_v7em_fpv4_sp_d16_hard_t_le_eabi_balanced.a(mbops.o)
                0x0000795c                __SEGGER_RTL_c_locale_abbrev_day_names
 .rodata.libc.__SEGGER_RTL_c_locale_abbrev_month_names
                0x00007979       0x31 C:/Program Files/SEGGER/SEGGER Embedded Studio 8.22a/lib/mbops_timeops_v7em_fpv4_sp_d16_hard_t_le_eabi_balanced.a(mbops.o)
                0x00007979                __SEGGER_RTL_c_locale_abbrev_month_names
 .rodata.libc.__SEGGER_RTL_data_utf8_period
                0x000079aa        0x2 C:/Program Files/SEGGER/SEGGER Embedded Studio 8.22a/lib/mbops_timeops_v7em_fpv4_sp_d16_hard_t_le_eabi_balanced.a(mbops.o)
                0x000079aa                __SEGGER_RTL_data_utf8_period
 .rodata.libc.__SEGGER_RTL_data_empty_string
                0x000079ac        0x1 C:/Program Files/SEGGER/SEGGER Embedded Studio 8.22a/lib/mbops_timeops_v7em_fpv4_sp_d16_hard_t_le_eabi_balanced.a(mbops.o)
                0x000079ac                __SEGGER_RTL_data_empty_string
 *fill*         0x000079ad        0x3 
 .rodata.libc.__SEGGER_RTL_c_locale_data
                0x000079b0       0x58 C:/Program Files/SEGGER/SEGGER Embedded Studio 8.22a/lib/mbops_timeops_v7em_fpv4_sp_d16_hard_t_le_eabi_balanced.a(mbops.o)
                0x000079b0                __SEGGER_RTL_c_locale_data
 .rodata.libc.__SEGGER_RTL_ascii_ctype_map
                0x00007a08       0x80 C:/Program Files/SEGGER/SEGGER Embedded Studio 8.22a/lib/mbops_timeops_v7em_fpv4_sp_d16_hard_t_le_eabi_balanced.a(mbops.o)
 .rodata.libc.__SEGGER_RTL_ascii_ctype_mask
                0x00007a88        0xd C:/Program Files/SEGGER/SEGGER Embedded Studio 8.22a/lib/mbops_timeops_v7em_fpv4_sp_d16_hard_t_le_eabi_balanced.a(mbops.o)
                0x00007a95                        __rodata_end__ = (__rodata_start__ + SIZEOF (.rodata))
                0x00001181                        __rodata_size__ = SIZEOF (.rodata)
                0x00007a95                        __rodata_load_end__ = __rodata_end__

.rel.dyn        0x00007a98        0x0
 .rel.iplt      0x00007a98        0x0 Output/Debug/Obj/saadc_pca10056/main.o
                0x00000001                        . = ASSERT (((__rodata_start__ == __rodata_end__) || ((__rodata_end__ - __FLASH_segment_start__) <= __FLASH_segment_size__)), error: .rodata is too large to fit in FLASH memory segment)
                0x00007a98                        __ARM.exidx_load_start__ = ALIGN (__rodata_end__, 0x4)

.ARM.exidx      0x00007a98        0x0
                0x00007a98                        __ARM.exidx_start__ = .
                0x00007a98                        __exidx_start = __ARM.exidx_start__
 *(.ARM.exidx .ARM.exidx.*)
                0x00007a98                        __ARM.exidx_end__ = (__ARM.exidx_start__ + SIZEOF (.ARM.exidx))
                0x00000000                        __ARM.exidx_size__ = SIZEOF (.ARM.exidx)
                0x00007a98                        __exidx_end = __ARM.exidx_end__
                0x00007a98                        __ARM.exidx_load_end__ = __ARM.exidx_end__
                0x00000001                        . = ASSERT (((__ARM.exidx_start__ == __ARM.exidx_end__) || ((__ARM.exidx_end__ - __FLASH_segment_start__) <= __FLASH_segment_size__)), error: .ARM.exidx is too large to fit in FLASH memory segment)
                0x00007a98                        __fast_load_start__ = ALIGN (__ARM.exidx_end__, 0x4)

.fast           0x20000000        0x0 load address 0x00007a98
                0x20000000                        __fast_start__ = .
 *(.fast .fast.*)
                0x20000000                        __fast_end__ = (__fast_start__ + SIZEOF (.fast))
                0x00000000                        __fast_size__ = SIZEOF (.fast)
                0x00007a98                        __fast_load_end__ = (__fast_load_start__ + SIZEOF (.fast))
                0x00000001                        . = ASSERT (((__fast_load_start__ == __fast_load_end__) || ((__fast_load_end__ - __FLASH_segment_start__) <= __FLASH_segment_size__)), error: .fast is too large to fit in FLASH memory segment)

.fast_run       0x20000000        0x0
                0x20000000                        __fast_run_start__ = .
                0x20000000                        __fast_run_end__ = (__fast_run_start__ + SIZEOF (.fast))
                0x00000000                        __fast_run_size__ = (__fast_run_end__ - __fast_run_start__)
                0x20000000                        __fast_run_load_end__ = __fast_run_end__
                0x00000001                        . = ASSERT (((__fast_run_start__ == __fast_run_end__) || ((__fast_run_end__ - __RAM1_segment_start__) <= __RAM1_segment_size__)), error: .fast_run is too large to fit in RAM1 memory segment)
                0x00007a98                        __data_load_start__ = ALIGN ((__fast_load_start__ + SIZEOF (.fast)), 0x4)

.data           0x20000000       0x7c load address 0x00007a98
                0x20000000                        __data_start__ = .
 *(.data .data.* .gnu.linkonce.d.*)
 .data.ntc_sampling_enabled
                0x20000000        0x1 Output/Debug/Obj/saadc_pca10056/main.o
 .data.last_button_state.1
                0x20000001        0x1 Output/Debug/Obj/saadc_pca10056/main.o
 *fill*         0x20000002        0x2 
 .data.SystemCoreClock
                0x20000004        0x4 Output/Debug/Obj/saadc_pca10056/system_nrf52840.o
                0x20000004                SystemCoreClock
 .data.m_uart   0x20000008       0x14 Output/Debug/Obj/saadc_pca10056/nrf_log_backend_uart.o
                0x20000008                m_uart
 .data.log_backend_cb_rtt_log_backend
                0x2000001c        0x8 Output/Debug/Obj/saadc_pca10056/nrf_log_default_backends.o
 .data.log_backend_cb_uart_log_backend
                0x20000024        0x8 Output/Debug/Obj/saadc_pca10056/nrf_log_default_backends.o
 .data.m_buffer_mask
                0x2000002c        0x4 Output/Debug/Obj/saadc_pca10056/nrf_log_frontend.o
 .data.severity_names
                0x20000030       0x14 Output/Debug/Obj/saadc_pca10056/nrf_log_str_formatter.o
 .data.m_colors
                0x20000044       0x24 Output/Debug/Obj/saadc_pca10056/nrf_log_str_formatter.o
 .data.libc.__SEGGER_RTL_global_locale
                0x20000068       0x14 C:/Program Files/SEGGER/SEGGER Embedded Studio 8.22a/lib/mbops_timeops_v7em_fpv4_sp_d16_hard_t_le_eabi_balanced.a(mbops.o)
                0x20000068                __SEGGER_RTL_global_locale
                0x20000068                __RAL_global_locale
                0x2000007c                        __data_end__ = (__data_start__ + SIZEOF (.data))
                0x0000007c                        __data_size__ = SIZEOF (.data)
                0x00007b14                        __data_load_end__ = (__data_load_start__ + SIZEOF (.data))

.igot.plt       0x00000000        0x0
 .igot.plt      0x00000000        0x0 Output/Debug/Obj/saadc_pca10056/main.o
                0x00000001                        . = ASSERT (((__data_load_start__ == __data_load_end__) || ((__data_load_end__ - __FLASH_segment_start__) <= __FLASH_segment_size__)), error: .data is too large to fit in FLASH memory segment)

.data_run       0x20000000        0x0
                0x20000000                        __data_run_start__ = .
                0x2000007c                        __data_run_end__ = (__data_run_start__ + SIZEOF (.data))
                0x0000007c                        __data_run_size__ = (__data_run_end__ - __data_run_start__)
                0x2000007c                        __data_run_load_end__ = __data_run_end__
                0x00000001                        . = ASSERT (((__data_run_start__ == __data_run_end__) || ((__data_run_end__ - __RAM1_segment_start__) <= __RAM1_segment_size__)), error: .data_run is too large to fit in RAM1 memory segment)
                0x00007b14                        __tdata_load_start__ = ALIGN ((__data_load_start__ + SIZEOF (.data)), 0x4)

.tdata          0x2000007c        0x0 load address 0x00007b14
                0x2000007c                        __tdata_start__ = .
 *(.tdata .tdata.*)
                0x2000007c                        __tdata_end__ = (__tdata_start__ + SIZEOF (.tdata))
                0x00000000                        __tdata_size__ = SIZEOF (.tdata)
                0x00007b14                        __tdata_load_end__ = (__tdata_load_start__ + SIZEOF (.tdata))
                0x00007b14                        __FLASH_segment_used_end__ = (ALIGN ((__data_load_start__ + SIZEOF (.data)), 0x4) + SIZEOF (.tdata))
                0x00007b14                        __FLASH_segment_used_size__ = (__FLASH_segment_used_end__ - __FLASH_segment_start__)
                0x00000001                        . = ASSERT (((__tdata_load_start__ == __tdata_load_end__) || ((__tdata_load_end__ - __FLASH_segment_start__) <= __FLASH_segment_size__)), error: .tdata is too large to fit in FLASH memory segment)

.tdata_run      0x2000007c        0x0
                0x2000007c                        __tdata_run_start__ = .
                0x2000007c                        __tdata_run_end__ = (__tdata_run_start__ + SIZEOF (.tdata))
                0x00000000                        __tdata_run_size__ = (__tdata_run_end__ - __tdata_run_start__)
                0x2000007c                        __tdata_run_load_end__ = __tdata_run_end__
                0x00000001                        . = ASSERT (((__tdata_run_start__ == __tdata_run_end__) || ((__tdata_run_end__ - __RAM1_segment_start__) <= __RAM1_segment_size__)), error: .tdata_run is too large to fit in RAM1 memory segment)
                0x2000007c                        __bss_load_start__ = ALIGN (__tdata_run_end__, 0x4)

.bss            0x2000007c      0x9c8
                0x2000007c                        __bss_start__ = .
 *(.bss .bss.* .gnu.linkonce.b.*)
 .bss.saadc_buffer_1
                0x2000007c        0x4 Output/Debug/Obj/saadc_pca10056/main.o
 .bss.saadc_buffer_2
                0x20000080        0x4 Output/Debug/Obj/saadc_pca10056/main.o
 .bss.number_counter
                0x20000084        0x4 Output/Debug/Obj/saadc_pca10056/main.o
 .bss.ntc1_readings
                0x20000088       0x1e Output/Debug/Obj/saadc_pca10056/main.o
 *fill*         0x200000a6        0x2 
 .bss.ntc2_readings
                0x200000a8       0x1e Output/Debug/Obj/saadc_pca10056/main.o
 *fill*         0x200000c6        0x2 
 .bss.reading_index
                0x200000c8        0x4 Output/Debug/Obj/saadc_pca10056/main.o
 .bss.sr_reset_state.2
                0x200000cc        0x1 Output/Debug/Obj/saadc_pca10056/main.o
 *fill*         0x200000cd        0x3 
 .bss.m_handlers
                0x200000d0        0x8 Output/Debug/Obj/saadc_pca10056/nrf_drv_uart.o
 .bss.m_contexts
                0x200000d8        0x8 Output/Debug/Obj/saadc_pca10056/nrf_drv_uart.o
 .bss.nrf_drv_uart_use_easy_dma
                0x200000e0        0x2 Output/Debug/Obj/saadc_pca10056/nrf_drv_uart.o
                0x200000e0                nrf_drv_uart_use_easy_dma
 *fill*         0x200000e2        0x2 
 .bss.m_clock_cb
                0x200000e4        0x8 Output/Debug/Obj/saadc_pca10056/nrfx_clock.o
 .bss.m_prs_box_4
                0x200000ec        0x8 Output/Debug/Obj/saadc_pca10056/nrfx_prs.o
 .bss.m_handlers
                0x200000f4        0x4 Output/Debug/Obj/saadc_pca10056/nrfx_rtc.o
 .bss.m_cb      0x200000f8       0x2c Output/Debug/Obj/saadc_pca10056/nrfx_saadc.o
 .bss.m_cb      0x20000124       0x2c Output/Debug/Obj/saadc_pca10056/nrfx_uart.o
 .bss.m_cb      0x20000150       0x24 Output/Debug/Obj/saadc_pca10056/nrfx_uarte.o
 .bss.m_error_data.0
                0x20000174       0x20 Output/Debug/Obj/saadc_pca10056/app_error.o
 .bss.m_in_critical_region
                0x20000194        0x4 Output/Debug/Obj/saadc_pca10056/app_util_platform.o
 .bss.m_handlers
                0x20000198        0x4 Output/Debug/Obj/saadc_pca10056/drv_rtc.o
 .bss.m_cb      0x2000019c        0x8 Output/Debug/Obj/saadc_pca10056/drv_rtc.o
 .bss.m_host_present
                0x200001a4        0x1 Output/Debug/Obj/saadc_pca10056/nrf_log_backend_rtt.o
 *fill*         0x200001a5        0x3 
 .bss.m_string_buff
                0x200001a8       0x40 Output/Debug/Obj/saadc_pca10056/nrf_log_backend_rtt.o
 .bss.m_string_buff
                0x200001e8       0x40 Output/Debug/Obj/saadc_pca10056/nrf_log_backend_uart.o
 .bss.m_xfer_done
                0x20000228        0x1 Output/Debug/Obj/saadc_pca10056/nrf_log_backend_uart.o
 .bss.m_async_mode
                0x20000229        0x1 Output/Debug/Obj/saadc_pca10056/nrf_log_backend_uart.o
 *fill*         0x2000022a        0x2 
 .bss.log_mempool_nrf_balloc_pool_stack
                0x2000022c        0x8 Output/Debug/Obj/saadc_pca10056/nrf_log_frontend.o
 .bss.log_mempool_nrf_balloc_pool_mem
                0x20000234       0xc0 Output/Debug/Obj/saadc_pca10056/nrf_log_frontend.o
 .bss.log_mempool_nrf_balloc_cb
                0x200002f4        0x8 Output/Debug/Obj/saadc_pca10056/nrf_log_frontend.o
 .bss.m_log_push_ringbuf_buf
                0x200002fc       0x80 Output/Debug/Obj/saadc_pca10056/nrf_log_frontend.o
 .bss.m_log_push_ringbuf_cb
                0x2000037c       0x18 Output/Debug/Obj/saadc_pca10056/nrf_log_frontend.o
 .bss.m_log_data
                0x20000394      0x420 Output/Debug/Obj/saadc_pca10056/nrf_log_frontend.o
 .bss._SEGGER_RTT
                0x200007b4       0x78 Output/Debug/Obj/saadc_pca10056/SEGGER_RTT.o
                0x200007b4                _SEGGER_RTT
 .bss._acUpBuffer
                0x2000082c      0x200 Output/Debug/Obj/saadc_pca10056/SEGGER_RTT.o
 .bss._acDownBuffer
                0x20000a2c       0x10 Output/Debug/Obj/saadc_pca10056/SEGGER_RTT.o
 .bss.libc.__SEGGER_RTL_heap_globals.0
                0x20000a3c        0x4 C:/Program Files/SEGGER/SEGGER Embedded Studio 8.22a/lib/heapops_basic_v7em_fpv4_sp_d16_hard_t_le_eabi_balanced.a(heapops_basic.o)
 .bss.libc.__SEGGER_RTL_locale_ptr
                0x20000a40        0x4 C:/Program Files/SEGGER/SEGGER Embedded Studio 8.22a/lib/mbops_timeops_v7em_fpv4_sp_d16_hard_t_le_eabi_balanced.a(mbops.o)
                0x20000a40                __SEGGER_RTL_locale_ptr
 *(COMMON)
                0x20000a44                        __bss_end__ = (__bss_start__ + SIZEOF (.bss))
                0x000009c8                        __bss_size__ = SIZEOF (.bss)
                0x20000a44                        __bss_load_end__ = __bss_end__
                0x00000001                        . = ASSERT (((__bss_start__ == __bss_end__) || ((__bss_end__ - __RAM1_segment_start__) <= __RAM1_segment_size__)), error: .bss is too large to fit in RAM1 memory segment)
                0x20000a44                        __tbss_load_start__ = ALIGN (__bss_end__, 0x4)

.tbss           0x20000a44        0x0
                0x20000a44                        __tbss_start__ = .
 *(.tbss .tbss.*)
                0x20000a44                        __tbss_end__ = (__tbss_start__ + SIZEOF (.tbss))
                0x00000000                        __tbss_size__ = SIZEOF (.tbss)
                0x20000a44                        __tbss_load_end__ = __tbss_end__
                0x00000001                        . = ASSERT (((__tbss_start__ == __tbss_end__) || ((__tbss_end__ - __RAM1_segment_start__) <= __RAM1_segment_size__)), error: .tbss is too large to fit in RAM1 memory segment)
                0x20000a44                        __non_init_load_start__ = ALIGN (__tbss_end__, 0x4)

.non_init       0x20000a44        0x0
                0x20000a44                        __non_init_start__ = .
 *(.non_init .non_init.*)
                0x20000a44                        __non_init_end__ = (__non_init_start__ + SIZEOF (.non_init))
                0x00000000                        __non_init_size__ = SIZEOF (.non_init)
                0x20000a44                        __non_init_load_end__ = __non_init_end__
                0x00000001                        . = ASSERT (((__non_init_start__ == __non_init_end__) || ((__non_init_end__ - __RAM1_segment_start__) <= __RAM1_segment_size__)), error: .non_init is too large to fit in RAM1 memory segment)
                0x20000a44                        __heap_load_start__ = ALIGN (__non_init_end__, 0x4)

.heap           0x20000a44     0x2000
                0x20000a44                        __heap_start__ = .
 *(.heap .heap.*)
                0x20002a44                        . = ALIGN (MAX ((__heap_start__ + __HEAPSIZE__), .), 0x4)
 *fill*         0x20000a44     0x2000 
                0x20002a44                        __heap_end__ = (__heap_start__ + SIZEOF (.heap))
                0x00002000                        __heap_size__ = SIZEOF (.heap)
                0x20002a44                        __heap_load_end__ = __heap_end__
                0x00000001                        . = ASSERT (((__heap_start__ == __heap_end__) || ((__heap_end__ - __RAM1_segment_start__) <= __RAM1_segment_size__)), error: .heap is too large to fit in RAM1 memory segment)
                0x00000001                        . = ASSERT ((__HEAPSIZE__ == ALIGN (__HEAPSIZE__, 0x4)), error: .heap section size does not match alignment)
                0x00000001                        . = ASSERT ((__heap_size__ <= __HEAPSIZE__), error: .heap section is larger than specified size)
                0x2003e000                        __stack_load_start__ = (__RAM1_segment_start__ + (__RAM1_segment_size__ - 0x2000))

.stack          0x2003e000     0x2000
                0x2003e000                        __stack_start__ = .
                0x2003e000                        __StackLimit = __stack_start__
 *(.stack .stack.*)
                0x20040000                        . = ALIGN (MAX ((__stack_start__ + __STACKSIZE__), .), 0x8)
 *fill*         0x2003e000     0x2000 
                0x20040000                        __stack_end__ = (__stack_start__ + SIZEOF (.stack))
                0x00002000                        __stack_size__ = SIZEOF (.stack)
                0x20040000                        __StackTop = __stack_end__
                0x20040000                        __stack_load_end__ = __stack_end__
                0x00000001                        . = ASSERT (((__stack_start__ == __stack_end__) || ((__stack_end__ - __RAM1_segment_start__) <= __RAM1_segment_size__)), error: .stack is too large to fit in RAM1 memory segment)
                0x00000001                        . = ASSERT ((__heap_end__ <= __stack_start__), error: section .heap overlaps absolute placed section .stack)
                0x00000001                        . = ASSERT ((__STACKSIZE__ == ALIGN (__STACKSIZE__, 0x8)), error: .stack section size does not match alignment)
                0x00000001                        . = ASSERT ((__stack_size__ <= __STACKSIZE__), error: .stack section is larger than specified size)
                0x20040000                        __stack_process_load_start__ = ALIGN (__stack_end__, 0x8)

.stack_process  0x20040000        0x0
                0x20040000                        __stack_process_start__ = .
 *(.stack_process .stack_process.*)
                0x20040000                        . = ALIGN (MAX ((__stack_process_start__ + __STACKSIZE_PROCESS__), .), 0x8)
                0x20040000                        __stack_process_end__ = (__stack_process_start__ + SIZEOF (.stack_process))
                0x00000000                        __stack_process_size__ = SIZEOF (.stack_process)
                0x20040000                        __stack_process_load_end__ = __stack_process_end__
                0x20040000                        __RAM1_segment_used_end__ = (ALIGN (__stack_end__, 0x8) + SIZEOF (.stack_process))
                0x00040000                        __RAM1_segment_used_size__ = (__RAM1_segment_used_end__ - __RAM1_segment_start__)
                0x00000001                        . = ASSERT (((__stack_process_start__ == __stack_process_end__) || ((__stack_process_end__ - __RAM1_segment_start__) <= __RAM1_segment_size__)), error: .stack_process is too large to fit in RAM1 memory segment)
                0x00000001                        . = ASSERT ((__STACKSIZE_PROCESS__ == ALIGN (__STACKSIZE_PROCESS__, 0x8)), error: .stack_process section size does not match alignment)
                0x00000001                        . = ASSERT ((__stack_process_size__ <= __STACKSIZE_PROCESS__), error: .stack_process section is larger than specified size)
                0x00002000                        __STACKSIZE__ = 0x2000
                0x00000000                        __STACKSIZE_PROCESS__ = 0x0
                0x00002000                        __HEAPSIZE__ = 0x2000
                0x00000000                        __SEGGER_RTL_vfprintf = __SEGGER_RTL_vfprintf_long
                0x00000000                        __SEGGER_RTL_vfscanf = __SEGGER_RTL_vfscanf_int
START GROUP
LOAD Output/Debug/Obj/saadc_pca10056/main.o
LOAD Output/Debug/Obj/saadc_pca10056/boards.o
LOAD Output/Debug/Obj/saadc_pca10056/ses_startup_nrf52840.o
LOAD Output/Debug/Obj/saadc_pca10056/ses_startup_nrf_common.o
LOAD Output/Debug/Obj/saadc_pca10056/system_nrf52840.o
LOAD Output/Debug/Obj/saadc_pca10056/nrf_drv_clock.o
LOAD Output/Debug/Obj/saadc_pca10056/nrf_drv_uart.o
LOAD Output/Debug/Obj/saadc_pca10056/nrfx_clock.o
LOAD Output/Debug/Obj/saadc_pca10056/nrfx_prs.o
LOAD Output/Debug/Obj/saadc_pca10056/nrfx_rtc.o
LOAD Output/Debug/Obj/saadc_pca10056/nrfx_saadc.o
LOAD Output/Debug/Obj/saadc_pca10056/nrfx_uart.o
LOAD Output/Debug/Obj/saadc_pca10056/nrfx_uarte.o
LOAD Output/Debug/Obj/saadc_pca10056/app_error.o
LOAD Output/Debug/Obj/saadc_pca10056/app_error_handler_gcc.o
LOAD Output/Debug/Obj/saadc_pca10056/app_error_weak.o
LOAD Output/Debug/Obj/saadc_pca10056/app_timer2.o
LOAD Output/Debug/Obj/saadc_pca10056/app_util_platform.o
LOAD Output/Debug/Obj/saadc_pca10056/drv_rtc.o
LOAD Output/Debug/Obj/saadc_pca10056/nrf_assert.o
LOAD Output/Debug/Obj/saadc_pca10056/nrf_atfifo.o
LOAD Output/Debug/Obj/saadc_pca10056/nrf_atomic.o
LOAD Output/Debug/Obj/saadc_pca10056/nrf_balloc.o
LOAD Output/Debug/Obj/saadc_pca10056/nrf_fprintf.o
LOAD Output/Debug/Obj/saadc_pca10056/nrf_fprintf_format.o
LOAD Output/Debug/Obj/saadc_pca10056/nrf_memobj.o
LOAD Output/Debug/Obj/saadc_pca10056/nrf_pwr_mgmt.o